Component: ARM Compiler 5.06 update 7 (build 960) Tool: armlink [4d3601]

==============================================================================

Section Cross References

    startup_stm32f407xx.o(STACK) refers (Special) to heapauxi.o(.text) for __use_two_region_memory
    startup_stm32f407xx.o(HEAP) refers (Special) to heapauxi.o(.text) for __use_two_region_memory
    startup_stm32f407xx.o(RESET) refers (Special) to heapauxi.o(.text) for __use_two_region_memory
    startup_stm32f407xx.o(RESET) refers to startup_stm32f407xx.o(STACK) for __initial_sp
    startup_stm32f407xx.o(RESET) refers to startup_stm32f407xx.o(.text) for Reset_Handler
    startup_stm32f407xx.o(RESET) refers to stm32f4xx_it.o(i.NMI_Handler) for NMI_Handler
    startup_stm32f407xx.o(RESET) refers to stm32f4xx_it.o(i.HardFault_Handler) for HardFault_Handler
    startup_stm32f407xx.o(RESET) refers to stm32f4xx_it.o(i.MemManage_Handler) for MemManage_Handler
    startup_stm32f407xx.o(RESET) refers to stm32f4xx_it.o(i.BusFault_Handler) for BusFault_Handler
    startup_stm32f407xx.o(RESET) refers to stm32f4xx_it.o(i.UsageFault_Handler) for UsageFault_Handler
    startup_stm32f407xx.o(RESET) refers to port.o(.emb_text) for SVC_Handler
    startup_stm32f407xx.o(RESET) refers to stm32f4xx_it.o(i.DebugMon_Handler) for DebugMon_Handler
    startup_stm32f407xx.o(RESET) refers to stm32f4xx_it.o(i.SysTick_Handler) for SysTick_Handler
    startup_stm32f407xx.o(RESET) refers to stm32f4xx_it.o(i.EXTI0_IRQHandler) for EXTI0_IRQHandler
    startup_stm32f407xx.o(RESET) refers to stm32f4xx_it.o(i.EXTI3_IRQHandler) for EXTI3_IRQHandler
    startup_stm32f407xx.o(RESET) refers to stm32f4xx_it.o(i.EXTI4_IRQHandler) for EXTI4_IRQHandler
    startup_stm32f407xx.o(RESET) refers to stm32f4xx_it.o(i.CAN1_RX0_IRQHandler) for CAN1_RX0_IRQHandler
    startup_stm32f407xx.o(RESET) refers to stm32f4xx_it.o(i.EXTI9_5_IRQHandler) for EXTI9_5_IRQHandler
    startup_stm32f407xx.o(RESET) refers to stm32f4xx_it.o(i.TIM1_BRK_TIM9_IRQHandler) for TIM1_BRK_TIM9_IRQHandler
    startup_stm32f407xx.o(RESET) refers to remote_control.o(i.USART3_IRQHandler) for USART3_IRQHandler
    startup_stm32f407xx.o(RESET) refers to bsp_i2c.o(i.DMA1_Stream7_IRQHandler) for DMA1_Stream7_IRQHandler
    startup_stm32f407xx.o(RESET) refers to stm32f4xx_it.o(i.DMA2_Stream1_IRQHandler) for DMA2_Stream1_IRQHandler
    startup_stm32f407xx.o(RESET) refers to ins_task.o(i.DMA2_Stream2_IRQHandler) for DMA2_Stream2_IRQHandler
    startup_stm32f407xx.o(RESET) refers to stm32f4xx_it.o(i.CAN2_RX0_IRQHandler) for CAN2_RX0_IRQHandler
    startup_stm32f407xx.o(RESET) refers to stm32f4xx_it.o(i.OTG_FS_IRQHandler) for OTG_FS_IRQHandler
    startup_stm32f407xx.o(RESET) refers to stm32f4xx_it.o(i.DMA2_Stream6_IRQHandler) for DMA2_Stream6_IRQHandler
    startup_stm32f407xx.o(RESET) refers to stm32f4xx_it.o(i.DMA2_Stream7_IRQHandler) for DMA2_Stream7_IRQHandler
    startup_stm32f407xx.o(RESET) refers to referee_usart_task.o(i.USART6_IRQHandler) for USART6_IRQHandler
    startup_stm32f407xx.o(.text) refers (Special) to heapauxi.o(.text) for __use_two_region_memory
    startup_stm32f407xx.o(.text) refers to system_stm32f4xx.o(i.SystemInit) for SystemInit
    startup_stm32f407xx.o(.text) refers to __main.o(!!!main) for __main
    startup_stm32f407xx.o(.text) refers to startup_stm32f407xx.o(HEAP) for Heap_Mem
    startup_stm32f407xx.o(.text) refers to startup_stm32f407xx.o(STACK) for Stack_Mem
    main.o(i.SystemClock_Config) refers to rt_memclr_w.o(.text) for __aeabi_memclr4
    main.o(i.SystemClock_Config) refers to stm32f4xx_hal_rcc.o(i.HAL_RCC_OscConfig) for HAL_RCC_OscConfig
    main.o(i.SystemClock_Config) refers to main.o(i.Error_Handler) for Error_Handler
    main.o(i.SystemClock_Config) refers to stm32f4xx_hal_rcc.o(i.HAL_RCC_ClockConfig) for HAL_RCC_ClockConfig
    main.o(i.SystemClock_Config) refers to stm32f4xx_hal_rcc_ex.o(i.HAL_RCCEx_PeriphCLKConfig) for HAL_RCCEx_PeriphCLKConfig
    main.o(i.main) refers to stm32f4xx_hal.o(i.HAL_Init) for HAL_Init
    main.o(i.main) refers to main.o(i.SystemClock_Config) for SystemClock_Config
    main.o(i.main) refers to gpio.o(i.MX_GPIO_Init) for MX_GPIO_Init
    main.o(i.main) refers to dma.o(i.MX_DMA_Init) for MX_DMA_Init
    main.o(i.main) refers to adc.o(i.MX_ADC1_Init) for MX_ADC1_Init
    main.o(i.main) refers to adc.o(i.MX_ADC3_Init) for MX_ADC3_Init
    main.o(i.main) refers to can.o(i.MX_CAN1_Init) for MX_CAN1_Init
    main.o(i.main) refers to can.o(i.MX_CAN2_Init) for MX_CAN2_Init
    main.o(i.main) refers to i2c.o(i.MX_I2C1_Init) for MX_I2C1_Init
    main.o(i.main) refers to spi.o(i.MX_SPI1_Init) for MX_SPI1_Init
    main.o(i.main) refers to tim.o(i.MX_TIM4_Init) for MX_TIM4_Init
    main.o(i.main) refers to tim.o(i.MX_TIM5_Init) for MX_TIM5_Init
    main.o(i.main) refers to usart.o(i.MX_USART3_UART_Init) for MX_USART3_UART_Init
    main.o(i.main) refers to tim.o(i.MX_TIM8_Init) for MX_TIM8_Init
[...]
    0x08003c90   0x08003c90   0x00000128   Code   RO         6196    i.HAL_ADC_Start     stm32f4xx_hal_adc.o
    0x08003db8   0x08003db8   0x00000024   Code   RO         6455    i.HAL_CAN_ActivateNotification  stm32f4xx_hal_can.o
    0x08003ddc   0x08003ddc   0x00000104   Code   RO         6456    i.HAL_CAN_AddTxMessage  stm32f4xx_hal_can.o
    0x08003ee0   0x08003ee0   0x00000128   Code   RO         6457    i.HAL_CAN_ConfigFilter  stm32f4xx_hal_can.o
    0x08004008   0x08004008   0x00000002   Code   RO         6460    i.HAL_CAN_ErrorCallback  stm32f4xx_hal_can.o
    0x0800400a   0x0800400a   0x0000016c   Code   RO         6463    i.HAL_CAN_GetRxMessage  stm32f4xx_hal_can.o
    0x08004176   0x08004176   0x00000234   Code   RO         6467    i.HAL_CAN_IRQHandler  stm32f4xx_hal_can.o
    0x080043aa   0x080043aa   0x00000168   Code   RO         6468    i.HAL_CAN_Init      stm32f4xx_hal_can.o
    0x08004512   0x08004512   0x00000002   PAD
    0x08004514   0x08004514   0x00000160   Code   RO          489    i.HAL_CAN_MspInit   can.o
    0x08004674   0x08004674   0x00000002   Code   RO         6475    i.HAL_CAN_RxFifo0FullCallback  stm32f4xx_hal_can.o
    0x08004676   0x08004676   0x00000002   PAD
    0x08004678   0x08004678   0x0000010c   Code   RO         2416    i.HAL_CAN_RxFifo0MsgPendingCallback  can_receive.o
    0x08004784   0x08004784   0x00000002   Code   RO         6477    i.HAL_CAN_RxFifo1FullCallback  stm32f4xx_hal_can.o
    0x08004786   0x08004786   0x00000002   Code   RO         6478    i.HAL_CAN_RxFifo1MsgPendingCallback  stm32f4xx_hal_can.o
    0x08004788   0x08004788   0x00000002   Code   RO         6479    i.HAL_CAN_SleepCallback  stm32f4xx_hal_can.o
    0x0800478a   0x0800478a   0x00000064   Code   RO         6480    i.HAL_CAN_Start     stm32f4xx_hal_can.o
    0x080047ee   0x080047ee   0x00000002   Code   RO         6482    i.HAL_CAN_TxMailbox0AbortCallback  stm32f4xx_hal_can.o
    0x080047f0   0x080047f0   0x00000002   Code   RO         6483    i.HAL_CAN_TxMailbox0CompleteCallback  stm32f4xx_hal_can.o
    0x080047f2   0x080047f2   0x00000002   Code   RO         6484    i.HAL_CAN_TxMailbox1AbortCallback  stm32f4xx_hal_can.o
    0x080047f4   0x080047f4   0x00000002   Code   RO         6485    i.HAL_CAN_TxMailbox1CompleteCallback  stm32f4xx_hal_can.o
    0x080047f6   0x080047f6   0x00000002   Code   RO         6486    i.HAL_CAN_TxMailbox2AbortCallback  stm32f4xx_hal_can.o
    0x080047f8   0x080047f8   0x00000002   Code   RO         6487    i.HAL_CAN_TxMailbox2CompleteCallback  stm32f4xx_hal_can.o
    0x080047fa   0x080047fa   0x00000002   Code   RO         6489    i.HAL_CAN_WakeUpFromRxMsgCallback  stm32f4xx_hal_can.o
    0x080047fc   0x080047fc   0x00000024   Code   RO         6692    i.HAL_CRC_Init      stm32f4xx_hal_crc.o
    0x08004820   0x08004820   0x00000034   Code   RO          538    i.HAL_CRC_MspInit   crc.o
    0x08004854   0x08004854   0x000001ec   Code   RO         5516    i.HAL_DMA_IRQHandler  stm32f4xx_hal_dma.o
    0x08004a40   0x08004a40   0x000000ec   Code   RO         5517    i.HAL_DMA_Init      stm32f4xx_hal_dma.o
    0x08004b2c   0x08004b2c   0x00000028   Code   RO         5925    i.HAL_Delay         stm32f4xx_hal.o
    0x08004b54   0x08004b54   0x000000ac   Code   RO         5290    i.HAL_FLASHEx_Erase  stm32f4xx_hal_flash_ex.o
    0x08004c00   0x08004c00   0x00000014   Code   RO         5169    i.HAL_FLASH_Lock    stm32f4xx_hal_flash.o
    0x08004c14   0x08004c14   0x00000080   Code   RO         5174    i.HAL_FLASH_Program  stm32f4xx_hal_flash.o
    0x08004c94   0x08004c94   0x00000034   Code   RO         5176    i.HAL_FLASH_Unlock  stm32f4xx_hal_flash.o
    0x08004cc8   0x08004cc8   0x000000b8   Code   RO         2724    i.HAL_GPIO_EXTI_Callback  ins_task.o
    0x08004d80   0x08004d80   0x00000018   Code   RO         5403    i.HAL_GPIO_EXTI_IRQHandler  stm32f4xx_hal_gpio.o
    0x08004d98   0x08004d98   0x00000230   Code   RO         5404    i.HAL_GPIO_Init     stm32f4xx_hal_gpio.o
    0x08004fc8   0x08004fc8   0x0000000e   Code   RO         5406    i.HAL_GPIO_ReadPin  stm32f4xx_hal_gpio.o
    0x08004fd6   0x08004fd6   0x0000000e   Code   RO         5408    i.HAL_GPIO_WritePin  stm32f4xx_hal_gpio.o
    0x08004fe4   0x08004fe4   0x0000000c   Code   RO         5931    i.HAL_GetTick       stm32f4xx_hal.o
    0x08004ff0   0x08004ff0   0x000001ac   Code   RO         6759    i.HAL_I2C_Init      stm32f4xx_hal_i2c.o
    0x0800519c   0x0800519c   0x000002c0   Code   RO         6777    i.HAL_I2C_Mem_Read  stm32f4xx_hal_i2c.o
    0x0800545c   0x0800545c   0x00000174   Code   RO         6780    i.HAL_I2C_Mem_Write  stm32f4xx_hal_i2c.o
    0x080055d0   0x080055d0   0x00000208   Code   RO          604    i.HAL_I2C_MspInit   i2c.o
    0x080057d8   0x080057d8   0x00000010   Code   RO         5937    i.HAL_IncTick       stm32f4xx_hal.o
    0x080057e8   0x080057e8   0x00000034   Code   RO         5938    i.HAL_Init          stm32f4xx_hal.o
    0x0800581c   0x0800581c   0x00000044   Code   RO         5939    i.HAL_InitTick      stm32f4xx_hal.o
    0x08005860   0x08005860   0x00000054   Code   RO         1450    i.HAL_MspInit       stm32f4xx_hal_msp.o
    0x080058b4   0x080058b4   0x0000001c   Code   RO         5793    i.HAL_NVIC_EnableIRQ  stm32f4xx_hal_cortex.o
    0x080058d0   0x080058d0   0x00000068   Code   RO         5799    i.HAL_NVIC_SetPriority  stm32f4xx_hal_cortex.o
    0x08005938   0x08005938   0x00000024   Code   RO         5800    i.HAL_NVIC_SetPriorityGrouping  stm32f4xx_hal_cortex.o
    0x0800595c   0x0800595c   0x00000002   Code   RO         4658    i.HAL_PCDEx_LPM_Callback  stm32f4xx_hal_pcd_ex.o
    0x0800595e   0x0800595e   0x00000008   Code   RO         4659    i.HAL_PCDEx_SetRxFiFo  stm32f4xx_hal_pcd_ex.o
    0x08005966   0x08005966   0x0000004a   Code   RO         4660    i.HAL_PCDEx_SetTxFiFo  stm32f4xx_hal_pcd_ex.o
    0x080059b0   0x080059b0   0x0000000e   Code   RO          963    i.HAL_PCD_ConnectCallback  usbd_conf.o
    0x080059be   0x080059be   0x00000020   Code   RO          964    i.HAL_PCD_DataInStageCallback  usbd_conf.o
    0x080059de   0x080059de   0x00000020   Code   RO          965    i.HAL_PCD_DataOutStageCallback  usbd_conf.o
    0x080059fe   0x080059fe   0x0000000e   Code   RO          966    i.HAL_PCD_DisconnectCallback  usbd_conf.o
    0x08005a0c   0x08005a0c   0x0000004a   Code   RO         4435    i.HAL_PCD_EP_Close  stm32f4xx_hal_pcd.o
    0x08005a56   0x08005a56   0x0000005c   Code   RO         4436    i.HAL_PCD_EP_ClrStall  stm32f4xx_hal_pcd.o
    0x08005ab2   0x08005ab2   0x00000012   Code   RO         4438    i.HAL_PCD_EP_GetRxCount  stm32f4xx_hal_pcd.o
    0x08005ac4   0x08005ac4   0x0000005c   Code   RO         4439    i.HAL_PCD_EP_Open   stm32f4xx_hal_pcd.o
    0x08005b20   0x08005b20   0x00000046   Code   RO         4440    i.HAL_PCD_EP_Receive  stm32f4xx_hal_pcd.o
    0x08005b66   0x08005b66   0x00000074   Code   RO         4441    i.HAL_PCD_EP_SetStall  stm32f4xx_hal_pcd.o
    0x08005bda   0x08005bda   0x00000046   Code   RO         4442    i.HAL_PCD_EP_Transmit  stm32f4xx_hal_pcd.o
    0x08005c20   0x08005c20   0x00000436   Code   RO         4444    i.HAL_PCD_IRQHandler  stm32f4xx_hal_pcd.o
    0x08006056   0x08006056   0x00000012   Code   RO          967    i.HAL_PCD_ISOINIncompleteCallback  usbd_conf.o
    0x08006068   0x08006068   0x00000012   Code   RO          968    i.HAL_PCD_ISOOUTIncompleteCallback  usbd_conf.o
    0x0800607a   0x0800607a   0x00000140   Code   RO         4447    i.HAL_PCD_Init      stm32f4xx_hal_pcd.o
    0x080061ba   0x080061ba   0x00000002   PAD
    0x080061bc   0x080061bc   0x000000a8   Code   RO          970    i.HAL_PCD_MspInit   usbd_conf.o
    0x08006264   0x08006264   0x00000030   Code   RO          971    i.HAL_PCD_ResetCallback  usbd_conf.o
    0x08006294   0x08006294   0x0000000e   Code   RO          972    i.HAL_PCD_ResumeCallback  usbd_conf.o
    0x080062a2   0x080062a2   0x0000000e   Code   RO          973    i.HAL_PCD_SOFCallback  usbd_conf.o
    0x080062b0   0x080062b0   0x00000028   Code   RO         4453    i.HAL_PCD_SetAddress  stm32f4xx_hal_pcd.o
    0x080062d8   0x080062d8   0x00000012   Code   RO          974    i.HAL_PCD_SetupStageCallback  usbd_conf.o
    0x080062ea   0x080062ea   0x00000042   Code   RO         4455    i.HAL_PCD_Start     stm32f4xx_hal_pcd.o
    0x0800632c   0x0800632c   0x00000034   Code   RO          975    i.HAL_PCD_SuspendCallback  usbd_conf.o
    0x08006360   0x08006360   0x0000017c   Code   RO         5110    i.HAL_RCCEx_PeriphCLKConfig  stm32f4xx_hal_rcc_ex.o
    0x080064dc   0x080064dc   0x0000017c   Code   RO         5005    i.HAL_RCC_ClockConfig  stm32f4xx_hal_rcc.o
    0x08006658   0x08006658   0x0000000c   Code   RO         5010    i.HAL_RCC_GetHCLKFreq  stm32f4xx_hal_rcc.o
    0x08006664   0x08006664   0x00000020   Code   RO         5012    i.HAL_RCC_GetPCLK1Freq  stm32f4xx_hal_rcc.o
    0x08006684   0x08006684   0x00000020   Code   RO         5013    i.HAL_RCC_GetPCLK2Freq  stm32f4xx_hal_rcc.o
    0x080066a4   0x080066a4   0x00000070   Code   RO         5014    i.HAL_RCC_GetSysClockFreq  stm32f4xx_hal_rcc.o
    0x08006714   0x08006714   0x00000482   Code   RO         5017    i.HAL_RCC_OscConfig  stm32f4xx_hal_rcc.o
    0x08006b96   0x08006b96   0x00000034   Code   RO         7247    i.HAL_RNG_Init      stm32f4xx_hal_rng.o
    0x08006bca   0x08006bca   0x00000002   PAD
    0x08006bcc   0x08006bcc   0x00000034   Code   RO          658    i.HAL_RNG_MspInit   rng.o
    0x08006c00   0x08006c00   0x000000ba   Code   RO         7353    i.HAL_RTC_Init      stm32f4xx_hal_rtc.o
    0x08006cba   0x08006cba   0x00000002   PAD
    0x08006cbc   0x08006cbc   0x00000018   Code   RO          700    i.HAL_RTC_MspInit   rtc.o
    0x08006cd4   0x08006cd4   0x0000003c   Code   RO         7361    i.HAL_RTC_WaitForSynchro  stm32f4xx_hal_rtc.o
    0x08006d10   0x08006d10   0x000000be   Code   RO         7747    i.HAL_SPI_Init      stm32f4xx_hal_spi.o
    0x08006dce   0x08006dce   0x00000002   PAD
    0x08006dd0   0x08006dd0   0x00000158   Code   RO          742    i.HAL_SPI_MspInit   spi.o
    0x08006f28   0x08006f28   0x000001f8   Code   RO         7756    i.HAL_SPI_TransmitReceive  stm32f4xx_hal_spi.o
    0x08007120   0x08007120   0x00000028   Code   RO         5804    i.HAL_SYSTICK_Config  stm32f4xx_hal_cortex.o
    0x08007148   0x08007148   0x00000002   Code   RO         8775    i.HAL_TIMEx_BreakCallback  stm32f4xx_hal_tim_ex.o
    0x0800714a   0x0800714a   0x00000002   Code   RO         8776    i.HAL_TIMEx_CommutCallback  stm32f4xx_hal_tim_ex.o
    0x0800714c   0x0800714c   0x00000066   Code   RO         8778    i.HAL_TIMEx_ConfigBreakDeadTime  stm32f4xx_hal_tim_ex.o
    0x080071b2   0x080071b2   0x0000009a   Code   RO         8794    i.HAL_TIMEx_MasterConfigSynchronization  stm32f4xx_hal_tim_ex.o
    0x0800724c   0x0800724c   0x0000005c   Code   RO         8060    i.HAL_TIM_Base_Init  stm32f4xx_hal_tim.o
    0x080072a8   0x080072a8   0x00000130   Code   RO          784    i.HAL_TIM_Base_MspInit  tim.o
    0x080073d8   0x080073d8   0x00000080   Code   RO         8063    i.HAL_TIM_Base_Start  stm32f4xx_hal_tim.o
    0x08007458   0x08007458   0x000000e4   Code   RO         8069    i.HAL_TIM_ConfigClockSource  stm32f4xx_hal_tim.o
    0x0800753c   0x0800753c   0x00000002   Code   RO         8094    i.HAL_TIM_IC_CaptureCallback  stm32f4xx_hal_tim.o
    0x0800753e   0x0800753e   0x00000174   Code   RO         8108    i.HAL_TIM_IRQHandler  stm32f4xx_hal_tim.o
    0x080076b2   0x080076b2   0x00000002   PAD
    0x080076b4   0x080076b4   0x000002c0   Code   RO          785    i.HAL_TIM_MspPostInit  tim.o
    0x08007974   0x08007974   0x00000002   Code   RO         8111    i.HAL_TIM_OC_DelayElapsedCallback  stm32f4xx_hal_tim.o
    0x08007976   0x08007976   0x000000d2   Code   RO         8132    i.HAL_TIM_PWM_ConfigChannel  stm32f4xx_hal_tim.o
    0x08007a48   0x08007a48   0x0000005c   Code   RO         8135    i.HAL_TIM_PWM_Init  stm32f4xx_hal_tim.o
    0x08007aa4   0x08007aa4   0x00000002   Code   RO         8137    i.HAL_TIM_PWM_MspInit  stm32f4xx_hal_tim.o
    0x08007aa6   0x08007aa6   0x00000002   Code   RO         8138    i.HAL_TIM_PWM_PulseFinishedCallback  stm32f4xx_hal_tim.o
    0x08007aa8   0x08007aa8   0x000000dc   Code   RO         8140    i.HAL_TIM_PWM_Start  stm32f4xx_hal_tim.o
    0x08007b84   0x08007b84   0x00000002   Code   RO         8146    i.HAL_TIM_PeriodElapsedCallback  stm32f4xx_hal_tim.o
    0x08007b86   0x08007b86   0x00000002   Code   RO         8151    i.HAL_TIM_TriggerCallback  stm32f4xx_hal_tim.o
    0x08007b88   0x08007b88   0x00000064   Code   RO         9071    i.HAL_UART_Init     stm32f4xx_hal_uart.o
    0x08007bec   0x08007bec   0x000002f0   Code   RO          862    i.HAL_UART_MspInit  usart.o
    0x08007edc   0x08007edc   0x00000004   Code   RO         1331    i.HardFault_Handler  stm32f4xx_it.o
    0x08007ee0   0x08007ee0   0x00000032   Code   RO         6802    i.I2C_IsAcknowledgeFailed  stm32f4xx_hal_i2c.o
    0x08007f12   0x08007f12   0x00000002   PAD
    0x08007f14   0x08007f14   0x00000154   Code   RO         6813    i.I2C_RequestMemoryRead  stm32f4xx_hal_i2c.o
    0x08008068   0x08008068   0x000000d0   Code   RO         6814    i.I2C_RequestMemoryWrite  stm32f4xx_hal_i2c.o
    0x08008138   0x08008138   0x0000005c   Code   RO         6822    i.I2C_WaitOnBTFFlagUntilTimeout  stm32f4xx_hal_i2c.o
    0x08008194   0x08008194   0x000000b4   Code   RO         6823    i.I2C_WaitOnFlagUntilTimeout  stm32f4xx_hal_i2c.o
    0x08008248   0x08008248   0x000000ce   Code   RO         6824    i.I2C_WaitOnMasterAddressFlagUntilTimeout  stm32f4xx_hal_i2c.o
    0x08008316   0x08008316   0x0000007c   Code   RO         6825    i.I2C_WaitOnRXNEFlagUntilTimeout  stm32f4xx_hal_i2c.o
    0x08008392   0x08008392   0x0000005c   Code   RO         6828    i.I2C_WaitOnTXEFlagUntilTimeout  stm32f4xx_hal_i2c.o
    0x080083ee   0x080083ee   0x00000002   PAD
    0x080083f0   0x080083f0   0x0000007c   Code   RO         2725    i.INS_cali_gyro     ins_task.o
    0x0800846c   0x0800846c   0x00000048   Code   RO         2726    i.INS_set_cali_gyro  ins_task.o
    0x080084b4   0x080084b4   0x00000304   Code   RO         2727    i.INS_task          ins_task.o
    0x080087b8   0x080087b8   0x0000003e   Code   RO         1171    i.IntToUnicode      usbd_desc.o
    0x080087f6   0x080087f6   0x00000002   PAD
    0x080087f8   0x080087f8   0x00000070   Code   RO          442    i.MX_ADC1_Init      adc.o
    0x08008868   0x08008868   0x00000070   Code   RO          443    i.MX_ADC3_Init      adc.o
    0x080088d8   0x080088d8   0x00000044   Code   RO          490    i.MX_CAN1_Init      can.o
    0x0800891c   0x0800891c   0x00000044   Code   RO          491    i.MX_CAN2_Init      can.o
    0x08008960   0x08008960   0x00000020   Code   RO          539    i.MX_CRC_Init       crc.o
    0x08008980   0x08008980   0x000000b8   Code   RO          579    i.MX_DMA_Init       dma.o
    0x08008a38   0x08008a38   0x00000178   Code   RO          375    i.MX_FREERTOS_Init  freertos.o
    0x08008bb0   0x08008bb0   0x00000260   Code   RO          351    i.MX_GPIO_Init      gpio.o
    0x08008e10   0x08008e10   0x0000003c   Code   RO          605    i.MX_I2C1_Init      i2c.o
    0x08008e4c   0x08008e4c   0x0000003c   Code   RO          606    i.MX_I2C2_Init      i2c.o
    0x08008e88   0x08008e88   0x0000003c   Code   RO          607    i.MX_I2C3_Init      i2c.o
    0x08008ec4   0x08008ec4   0x00000020   Code   RO          659    i.MX_RNG_Init       rng.o
    0x08008ee4   0x08008ee4   0x00000034   Code   RO          701    i.MX_RTC_Init       rtc.o
    0x08008f18   0x08008f18   0x00000048   Code   RO          743    i.MX_SPI1_Init      spi.o
    0x08008f60   0x08008f60   0x0000006c   Code   RO          786    i.MX_TIM10_Init     tim.o
    0x08008fcc   0x08008fcc   0x0000010c   Code   RO          787    i.MX_TIM1_Init      tim.o
    0x080090d8   0x080090d8   0x000000a4   Code   RO          788    i.MX_TIM3_Init      tim.o
    0x0800917c   0x0800917c   0x000000a4   Code   RO          789    i.MX_TIM4_Init      tim.o
    0x08009220   0x08009220   0x000000c4   Code   RO          790    i.MX_TIM5_Init      tim.o
    0x080092e4   0x080092e4   0x000000ec   Code   RO          791    i.MX_TIM8_Init      tim.o
    0x080093d0   0x080093d0   0x00000038   Code   RO          863    i.MX_USART1_UART_Init  usart.o
    0x08009408   0x08009408   0x0000003c   Code   RO          864    i.MX_USART3_UART_Init  usart.o
    0x08009444   0x08009444   0x00000038   Code   RO          865    i.MX_USART6_UART_Init  usart.o
    0x0800947c   0x0800947c   0x0000004c   Code   RO          915    i.MX_USB_DEVICE_Init  usb_device.o
    0x080094c8   0x080094c8   0x00000004   Code   RO         1332    i.MemManage_Handler  stm32f4xx_it.o
    0x080094cc   0x080094cc   0x00000002   Code   RO         1333    i.NMI_Handler       stm32f4xx_it.o
    0x080094ce   0x080094ce   0x00000002   PAD
    0x080094d0   0x080094d0   0x00000010   Code   RO         1334    i.OTG_FS_IRQHandler  stm32f4xx_it.o
    0x080094e0   0x080094e0   0x00000048   Code   RO         4459    i.PCD_EP_OutSetupPacket_int  stm32f4xx_hal_pcd.o
    0x08009528   0x08009528   0x000000ec   Code   RO         4460    i.PCD_EP_OutXfrComplete_int  stm32f4xx_hal_pcd.o
    0x08009614   0x08009614   0x000000a2   Code   RO         4461    i.PCD_WriteEmptyTxFifo  stm32f4xx_hal_pcd.o
    0x080096b6   0x080096b6   0x00000002   PAD
    0x080096b8   0x080096b8   0x000001f0   Code   RO         4390    i.PID_calc          pid.o
    0x080098a8   0x080098a8   0x00000060   Code   RO         4392    i.PID_init          pid.o
    0x08009908   0x08009908   0x0000009c   Code   RO         1987    i.RC_Init           bsp_rc.o
    0x080099a4   0x080099a4   0x0000036c   Code   RO         2285    i.RC_cmd_to_calibrate  calibrate_task.o
    0x08009d10   0x08009d10   0x00000050   Code   RO         1988    i.RC_restart        bsp_rc.o
    0x08009d60   0x08009d60   0x00000018   Code   RO         1989    i.RC_unable         bsp_rc.o
    0x08009d78   0x08009d78   0x00000042   Code   RO         7364    i.RTC_EnterInitMode  stm32f4xx_hal_rtc.o
    0x08009dba   0x08009dba   0x00000002   PAD
    0x08009dbc   0x08009dbc   0x0000273c   Code   RO         2059    i.SPI1_DMA_enable   bsp_spi.o
    0x0800c4f8   0x0800c4f8   0x00000180   Code   RO         2060    i.SPI1_DMA_init     bsp_spi.o
    0x0800c678   0x0800c678   0x00000064   Code   RO         7785    i.SPI_EndRxTxTransaction  stm32f4xx_hal_spi.o
    0x0800c6dc   0x0800c6dc   0x000000d8   Code   RO         7790    i.SPI_WaitFlagStateUntilTimeout  stm32f4xx_hal_spi.o
    0x0800c7b4   0x0800c7b4   0x00000014   Code   RO         1335    i.SysTick_Handler   stm32f4xx_it.o
    0x0800c7c8   0x0800c7c8   0x000000d4   Code   RO           14    i.SystemClock_Config  main.o
    0x0800c89c   0x0800c89c   0x00000064   Code   RO         1475    i.SystemInit        system_stm32f4xx.o
    0x0800c900   0x0800c900   0x00000010   Code   RO         1336    i.TIM1_BRK_TIM9_IRQHandler  stm32f4xx_it.o
    0x0800c910   0x0800c910   0x000000cc   Code   RO         8153    i.TIM_Base_SetConfig  stm32f4xx_hal_tim.o
    0x0800c9dc   0x0800c9dc   0x0000001e   Code   RO         8154    i.TIM_CCxChannelCmd  stm32f4xx_hal_tim.o
    0x0800c9fa   0x0800c9fa   0x00000016   Code   RO         8164    i.TIM_ETR_SetConfig  stm32f4xx_hal_tim.o
    0x0800ca10   0x0800ca10   0x00000010   Code   RO         8165    i.TIM_ITRx_SetConfig  stm32f4xx_hal_tim.o
    0x0800ca20   0x0800ca20   0x00000070   Code   RO         8166    i.TIM_OC1_SetConfig  stm32f4xx_hal_tim.o
    0x0800ca90   0x0800ca90   0x00000078   Code   RO         8167    i.TIM_OC2_SetConfig  stm32f4xx_hal_tim.o
    0x0800cb08   0x0800cb08   0x00000078   Code   RO         8168    i.TIM_OC3_SetConfig  stm32f4xx_hal_tim.o
    0x0800cb80   0x0800cb80   0x00000058   Code   RO         8169    i.TIM_OC4_SetConfig  stm32f4xx_hal_tim.o
    0x0800cbd8   0x0800cbd8   0x00000026   Code   RO         8171    i.TIM_TI1_ConfigInputStage  stm32f4xx_hal_tim.o
    0x0800cbfe   0x0800cbfe   0x00000024   Code   RO         8173    i.TIM_TI2_ConfigInputStage  stm32f4xx_hal_tim.o
    0x0800cc22   0x0800cc22   0x00000002   PAD
    0x0800cc24   0x0800cc24   0x000000fc   Code   RO         9098    i.UART_SetConfig    stm32f4xx_hal_uart.o
    0x0800cd20   0x0800cd20   0x00000140   Code   RO         2949    i.USART3_IRQHandler  remote_control.o
    0x0800ce60   0x0800ce60   0x00000128   Code   RO         2907    i.USART6_IRQHandler  referee_usart_task.o
    0x0800cf88   0x0800cf88   0x00000068   Code   RO        11239    i.USBD_CDC_DataIn   usbd_cdc.o
    0x0800cff0   0x0800cff0   0x0000002e   Code   RO        11240    i.USBD_CDC_DataOut  usbd_cdc.o
    0x0800d01e   0x0800d01e   0x0000004a   Code   RO        11241    i.USBD_CDC_DeInit   usbd_cdc.o
    0x0800d068   0x0800d068   0x00000030   Code   RO        11242    i.USBD_CDC_EP0_RxReady  usbd_cdc.o
    0x0800d098   0x0800d098   0x0000000c   Code   RO        11243    i.USBD_CDC_GetDeviceQualifierDescriptor  usbd_cdc.o
    0x0800d0a4   0x0800d0a4   0x0000000c   Code   RO        11244    i.USBD_CDC_GetFSCfgDesc  usbd_cdc.o
    0x0800d0b0   0x0800d0b0   0x0000000c   Code   RO        11245    i.USBD_CDC_GetHSCfgDesc  usbd_cdc.o
    0x0800d0bc   0x0800d0bc   0x0000000c   Code   RO        11246    i.USBD_CDC_GetOtherSpeedCfgDesc  usbd_cdc.o
    0x0800d0c8   0x0800d0c8   0x000000c4   Code   RO        11247    i.USBD_CDC_Init     usbd_cdc.o
    0x0800d18c   0x0800d18c   0x00000032   Code   RO        11248    i.USBD_CDC_ReceivePacket  usbd_cdc.o
    0x0800d1be   0x0800d1be   0x00000010   Code   RO        11249    i.USBD_CDC_RegisterInterface  usbd_cdc.o
    0x0800d1ce   0x0800d1ce   0x00000014   Code   RO        11250    i.USBD_CDC_SetRxBuffer  usbd_cdc.o
    0x0800d1e2   0x0800d1e2   0x00000018   Code   RO        11251    i.USBD_CDC_SetTxBuffer  usbd_cdc.o
    0x0800d1fa   0x0800d1fa   0x000000fa   Code   RO        11252    i.USBD_CDC_Setup    usbd_cdc.o
    0x0800d2f4   0x0800d2f4   0x00000038   Code   RO        11253    i.USBD_CDC_TransmitPacket  usbd_cdc.o
    0x0800d32c   0x0800d32c   0x00000012   Code   RO        10943    i.USBD_ClrClassConfig  usbd_core.o
    0x0800d33e   0x0800d33e   0x00000026   Code   RO        11081    i.USBD_ClrFeature   usbd_ctlreq.o
    0x0800d364   0x0800d364   0x00000010   Code   RO        11179    i.USBD_CtlContinueRx  usbd_ioreq.o
    0x0800d374   0x0800d374   0x00000010   Code   RO        11180    i.USBD_CtlContinueSendData  usbd_ioreq.o
    0x0800d384   0x0800d384   0x00000018   Code   RO        11082    i.USBD_CtlError     usbd_ctlreq.o
    0x0800d39c   0x0800d39c   0x0000001e   Code   RO        11181    i.USBD_CtlPrepareRx  usbd_ioreq.o
    0x0800d3ba   0x0800d3ba   0x00000016   Code   RO        11182    i.USBD_CtlReceiveStatus  usbd_ioreq.o
    0x0800d3d0   0x0800d3d0   0x0000001a   Code   RO        11183    i.USBD_CtlSendData  usbd_ioreq.o
    0x0800d3ea   0x0800d3ea   0x00000016   Code   RO        11184    i.USBD_CtlSendStatus  usbd_ioreq.o
    0x0800d400   0x0800d400   0x00000034   Code   RO         1172    i.USBD_FS_ConfigStrDescriptor  usbd_desc.o
    0x0800d434   0x0800d434   0x00000010   Code   RO         1173    i.USBD_FS_DeviceDescriptor  usbd_desc.o
    0x0800d444   0x0800d444   0x00000038   Code   RO         1174    i.USBD_FS_InterfaceStrDescriptor  usbd_desc.o
    0x0800d47c   0x0800d47c   0x00000010   Code   RO         1175    i.USBD_FS_LangIDStrDescriptor  usbd_desc.o
    0x0800d48c   0x0800d48c   0x0000002c   Code   RO         1176    i.USBD_FS_ManufacturerStrDescriptor  usbd_desc.o
    0x0800d4b8   0x0800d4b8   0x00000040   Code   RO         1177    i.USBD_FS_ProductStrDescriptor  usbd_desc.o
    0x0800d4f8   0x0800d4f8   0x00000018   Code   RO         1178    i.USBD_FS_SerialStrDescriptor  usbd_desc.o
    0x0800d510   0x0800d510   0x00000034   Code   RO        11083    i.USBD_GetConfig    usbd_ctlreq.o
    0x0800d544   0x0800d544   0x000001b4   Code   RO        11084    i.USBD_GetDescriptor  usbd_ctlreq.o
    0x0800d6f8   0x0800d6f8   0x00000018   Code   RO        11085    i.USBD_GetLen       usbd_ctlreq.o
    0x0800d710   0x0800d710   0x00000036   Code   RO        11086    i.USBD_GetStatus    usbd_ctlreq.o
    0x0800d746   0x0800d746   0x00000044   Code   RO        11087    i.USBD_GetString    usbd_ctlreq.o
    0x0800d78a   0x0800d78a   0x0000002c   Code   RO          976    i.USBD_Get_USB_Status  usbd_conf.o
    0x0800d7b6   0x0800d7b6   0x00000028   Code   RO        10945    i.USBD_Init         usbd_core.o
    0x0800d7de   0x0800d7de   0x00000026   Code   RO          977    i.USBD_LL_ClearStallEP  usbd_conf.o
    0x0800d804   0x0800d804   0x00000026   Code   RO          978    i.USBD_LL_CloseEP   usbd_conf.o
    0x0800d82a   0x0800d82a   0x000000bc   Code   RO        10946    i.USBD_LL_DataInStage  usbd_core.o
    0x0800d8e6   0x0800d8e6   0x00000070   Code   RO        10947    i.USBD_LL_DataOutStage  usbd_core.o
    0x0800d956   0x0800d956   0x00000004   Code   RO        10948    i.USBD_LL_DevConnected  usbd_core.o
    0x0800d95a   0x0800d95a   0x0000001a   Code   RO        10949    i.USBD_LL_DevDisconnected  usbd_core.o
    0x0800d974   0x0800d974   0x00000012   Code   RO          982    i.USBD_LL_GetRxDataSize  usbd_conf.o
    0x0800d986   0x0800d986   0x00000002   PAD
    0x0800d988   0x0800d988   0x00000068   Code   RO          983    i.USBD_LL_Init      usbd_conf.o
    0x0800d9f0   0x0800d9f0   0x00000038   Code   RO          984    i.USBD_LL_IsStallEP  usbd_conf.o
    0x0800da28   0x0800da28   0x00000022   Code   RO        10950    i.USBD_LL_IsoINIncomplete  usbd_core.o
    0x0800da4a   0x0800da4a   0x00000022   Code   RO        10951    i.USBD_LL_IsoOUTIncomplete  usbd_core.o
    0x0800da6c   0x0800da6c   0x00000030   Code   RO          985    i.USBD_LL_OpenEP    usbd_conf.o
    0x0800da9c   0x0800da9c   0x00000030   Code   RO          986    i.USBD_LL_PrepareReceive  usbd_conf.o
    0x0800dacc   0x0800dacc   0x0000005c   Code   RO        10952    i.USBD_LL_Reset     usbd_core.o
    0x0800db28   0x0800db28   0x00000014   Code   RO        10953    i.USBD_LL_Resume    usbd_core.o
    0x0800db3c   0x0800db3c   0x00000022   Code   RO        10954    i.USBD_LL_SOF       usbd_core.o
    0x0800db5e   0x0800db5e   0x00000006   Code   RO        10955    i.USBD_LL_SetSpeed  usbd_core.o
    0x0800db64   0x0800db64   0x00000026   Code   RO          987    i.USBD_LL_SetUSBAddress  usbd_conf.o
    0x0800db8a   0x0800db8a   0x00000064   Code   RO        10956    i.USBD_LL_SetupStage  usbd_core.o
    0x0800dbee   0x0800dbee   0x00000026   Code   RO          988    i.USBD_LL_StallEP   usbd_conf.o
    0x0800dc14   0x0800dc14   0x0000001e   Code   RO          989    i.USBD_LL_Start     usbd_conf.o
    0x0800dc32   0x0800dc32   0x00000012   Code   RO        10957    i.USBD_LL_Suspend   usbd_core.o
    0x0800dc44   0x0800dc44   0x00000030   Code   RO          991    i.USBD_LL_Transmit  usbd_conf.o
    0x0800dc74   0x0800dc74   0x00000032   Code   RO        11088    i.USBD_ParseSetupRequest  usbd_ctlreq.o
    0x0800dca6   0x0800dca6   0x00000024   Code   RO        10958    i.USBD_RegisterClass  usbd_core.o
    0x0800dcca   0x0800dcca   0x00000004   Code   RO        10959    i.USBD_RunTestMode  usbd_core.o
    0x0800dcce   0x0800dcce   0x00000058   Code   RO        11089    i.USBD_SetAddress   usbd_ctlreq.o
    0x0800dd26   0x0800dd26   0x00000014   Code   RO        10960    i.USBD_SetClassConfig  usbd_core.o
    0x0800dd3a   0x0800dd3a   0x00000002   PAD
    0x0800dd3c   0x0800dd3c   0x000000d8   Code   RO        11090    i.USBD_SetConfig    usbd_ctlreq.o
    0x0800de14   0x0800de14   0x00000010   Code   RO        11091    i.USBD_SetFeature   usbd_ctlreq.o
    0x0800de24   0x0800de24   0x00000004   Code   RO        10961    i.USBD_Start        usbd_core.o
    0x0800de28   0x0800de28   0x00000084   Code   RO        11092    i.USBD_StdDevReq    usbd_ctlreq.o
    0x0800deac   0x0800deac   0x000001e8   Code   RO        11093    i.USBD_StdEPReq     usbd_ctlreq.o
    0x0800e094   0x0800e094   0x0000006e   Code   RO        11094    i.USBD_StdItfReq    usbd_ctlreq.o
    0x0800e102   0x0800e102   0x00000002   Code   RO          992    i.USBD_static_free  usbd_conf.o
    0x0800e104   0x0800e104   0x0000000c   Code   RO          993    i.USBD_static_malloc  usbd_conf.o
    0x0800e110   0x0800e110   0x0000009c   Code   RO         4700    i.USB_ActivateEndpoint  stm32f4xx_ll_usb.o
    0x0800e1ac   0x0800e1ac   0x0000001c   Code   RO         4702    i.USB_ActivateSetup  stm32f4xx_ll_usb.o
    0x0800e1c8   0x0800e1c8   0x0000007e   Code   RO         4704    i.USB_CoreInit      stm32f4xx_ll_usb.o
    0x0800e246   0x0800e246   0x00000002   PAD
    0x0800e248   0x0800e248   0x0000003c   Code   RO         4705    i.USB_CoreReset     stm32f4xx_ll_usb.o
    0x0800e284   0x0800e284   0x000000dc   Code   RO         4708    i.USB_DeactivateEndpoint  stm32f4xx_ll_usb.o
    0x0800e360   0x0800e360   0x0000001c   Code   RO         4709    i.USB_DevConnect    stm32f4xx_ll_usb.o
    0x0800e37c   0x0800e37c   0x0000001c   Code   RO         4710    i.USB_DevDisconnect  stm32f4xx_ll_usb.o
    0x0800e398   0x0800e398   0x00000178   Code   RO         4711    i.USB_DevInit       stm32f4xx_ll_usb.o
    0x0800e510   0x0800e510   0x0000000c   Code   RO         4712    i.USB_DisableGlobalInt  stm32f4xx_ll_usb.o
    0x0800e51c   0x0800e51c   0x0000012a   Code   RO         4715    i.USB_EP0StartXfer  stm32f4xx_ll_usb.o
    0x0800e646   0x0800e646   0x00000002   PAD
    0x0800e648   0x0800e648   0x00000060   Code   RO         4716    i.USB_EP0_OutStart  stm32f4xx_ll_usb.o
    0x0800e6a8   0x0800e6a8   0x00000058   Code   RO         4717    i.USB_EPClearStall  stm32f4xx_ll_usb.o
    0x0800e700   0x0800e700   0x0000005e   Code   RO         4718    i.USB_EPSetStall    stm32f4xx_ll_usb.o
    0x0800e75e   0x0800e75e   0x00000228   Code   RO         4719    i.USB_EPStartXfer   stm32f4xx_ll_usb.o
    0x0800e986   0x0800e986   0x0000000c   Code   RO         4720    i.USB_EnableGlobalInt  stm32f4xx_ll_usb.o
    0x0800e992   0x0800e992   0x00000002   PAD
    0x0800e994   0x0800e994   0x00000024   Code   RO         4721    i.USB_FlushRxFifo   stm32f4xx_ll_usb.o
    0x0800e9b8   0x0800e9b8   0x00000028   Code   RO         4722    i.USB_FlushTxFifo   stm32f4xx_ll_usb.o
    0x0800e9e0   0x0800e9e0   0x00000020   Code   RO         4724    i.USB_GetDevSpeed   stm32f4xx_ll_usb.o
    0x0800ea00   0x0800ea00   0x00000008   Code   RO         4726    i.USB_GetMode       stm32f4xx_ll_usb.o
    0x0800ea08   0x0800ea08   0x0000000e   Code   RO         4733    i.USB_ReadDevAllInEpInterrupt  stm32f4xx_ll_usb.o
    0x0800ea16   0x0800ea16   0x0000000e   Code   RO         4734    i.USB_ReadDevAllOutEpInterrupt  stm32f4xx_ll_usb.o
    0x0800ea24   0x0800ea24   0x00000024   Code   RO         4735    i.USB_ReadDevInEPInterrupt  stm32f4xx_ll_usb.o
    0x0800ea48   0x0800ea48   0x00000010   Code   RO         4736    i.USB_ReadDevOutEPInterrupt  stm32f4xx_ll_usb.o
    0x0800ea58   0x0800ea58   0x00000008   Code   RO         4737    i.USB_ReadInterrupts  stm32f4xx_ll_usb.o
    0x0800ea60   0x0800ea60   0x00000024   Code   RO         4738    i.USB_ReadPacket    stm32f4xx_ll_usb.o
    0x0800ea84   0x0800ea84   0x00000030   Code   RO         4740    i.USB_SetCurrentMode  stm32f4xx_ll_usb.o
    0x0800eab4   0x0800eab4   0x00000022   Code   RO         4741    i.USB_SetDevAddress  stm32f4xx_ll_usb.o
    0x0800ead6   0x0800ead6   0x0000000e   Code   RO         4742    i.USB_SetDevSpeed   stm32f4xx_ll_usb.o
    0x0800eae4   0x0800eae4   0x000000f4   Code   RO         4743    i.USB_SetTurnaroundTime  stm32f4xx_ll_usb.o
    0x0800ebd8   0x0800ebd8   0x00000030   Code   RO         4746    i.USB_WritePacket   stm32f4xx_ll_usb.o
    0x0800ec08   0x0800ec08   0x00000004   Code   RO         1337    i.UsageFault_Handler  stm32f4xx_it.o
    0x0800ec0c   0x0800ec0c   0x00000030   Code   RO        12124    i.__ARM_fpclassify  m_wm.l(fpclassify.o)
    0x0800ec3c   0x0800ec3c   0x00000026   Code   RO        12022    i.__ARM_fpclassifyf  m_wm.l(fpclassifyf.o)
    0x0800ec62   0x0800ec62   0x00000006   Code   RO         4111    i.__get_PRIMASK     fifo.o
    0x0800ec68   0x0800ec68   0x0000012c   Code   RO        11704    i.__hardfp_asinf    m_wm.l(asinf.o)
    0x0800ed94   0x0800ed94   0x000002ac   Code   RO        11716    i.__hardfp_atan2f   m_wm.l(atan2f.o)
    0x0800f040   0x0800f040   0x000000c8   Code   RO        11728    i.__hardfp_cos      m_wm.l(cos.o)
    0x0800f108   0x0800f108   0x00000014   Code   RO        11740    i.__hardfp_fabs     m_wm.l(fabs.o)
    0x0800f11c   0x0800f11c   0x00000004   PAD
    0x0800f120   0x0800f120   0x000000c8   Code   RO        11746    i.__hardfp_sin      m_wm.l(sin.o)
    0x0800f1e8   0x0800f1e8   0x0000007a   Code   RO        11770    i.__hardfp_sqrt     m_wm.l(sqrt_full.o)
    0x0800f262   0x0800f262   0x0000003a   Code   RO        11776    i.__hardfp_sqrtf    m_wm.l(sqrtf_full.o)
    0x0800f29c   0x0800f29c   0x00000004   PAD
    0x0800f2a0   0x0800f2a0   0x00000438   Code   RO        12038    i.__ieee754_rem_pio2  m_wm.l(rred.o)
    0x0800f6d8   0x0800f6d8   0x00000170   Code   RO        12005    i.__kernel_cos      m_wm.l(cos_i.o)
    0x0800f848   0x0800f848   0x000000f8   Code   RO        12126    i.__kernel_poly     m_wm.l(poly.o)
    0x0800f940   0x0800f940   0x00000130   Code   RO        12046    i.__kernel_sin      m_wm.l(sin_i.o)
    0x0800fa70   0x0800fa70   0x00000014   Code   RO        12009    i.__mathlib_dbl_infnan  m_wm.l(dunder.o)
    0x0800fa84   0x0800fa84   0x00000004   PAD
    0x0800fa88   0x0800fa88   0x00000020   Code   RO        12011    i.__mathlib_dbl_invalid  m_wm.l(dunder.o)
    0x0800faa8   0x0800faa8   0x00000020   Code   RO        12014    i.__mathlib_dbl_underflow  m_wm.l(dunder.o)
    0x0800fac8   0x0800fac8   0x00000006   Code   RO        12025    i.__mathlib_flt_infnan  m_wm.l(funder.o)
    0x0800face   0x0800face   0x00000006   Code   RO        12026    i.__mathlib_flt_infnan2  m_wm.l(funder.o)
    0x0800fad4   0x0800fad4   0x00000010   Code   RO        12027    i.__mathlib_flt_invalid  m_wm.l(funder.o)
    0x0800fae4   0x0800fae4   0x00000010   Code   RO        12030    i.__mathlib_flt_underflow  m_wm.l(funder.o)
    0x0800faf4   0x0800faf4   0x00000006   Code   RO         4112    i.__set_PRIMASK     fifo.o
    0x0800fafa   0x0800fafa   0x0000000e   Code   RO        11886    i._is_digit         c_w.l(__printf_wp.o)
    0x0800fb08   0x0800fb08   0x00000068   Code   RO         1958    i.aRGB_led_show     bsp_led.o
    0x0800fb70   0x0800fb70   0x000001d0   Code   RO        11345    i.accel_comple_filter  AHRS.lib(ahrs.o)
    0x0800fd40   0x0800fd40   0x0000018c   Code   RO        11346    i.accel_update_kp_ki  AHRS.lib(ahrs.o)
    0x0800fecc   0x0800fecc   0x0000003c   Code   RO         1511    i.adcx_get_chx_value  bsp_adc.o
    0x0800ff08   0x0800ff08   0x0000016c   Code   RO        11347    i.angle_to_quat     AHRS.lib(ahrs.o)
    0x08010074   0x08010074   0x00000038   Code   RO         3222    i.asyn_move_to_position_by_acceleration_task  motor_position_task.o
    0x080100ac   0x080100ac   0x00000044   Code   RO         3094    i.battery_voltage_task  voltage_task.o
    0x080100f0   0x080100f0   0x00000134   Code   RO         3467    i.bmi088_accel_init  bmi088driver.o
    0x08010224   0x08010224   0x000002fc   Code   RO         3468    i.bmi088_accel_self_test  bmi088driver.o
    0x08010520   0x08010520   0x000000f4   Code   RO         3469    i.bmi088_gyro_init  bmi088driver.o
    0x08010614   0x08010614   0x000000d0   Code   RO         3470    i.bmi088_gyro_self_test  bmi088driver.o
    0x080106e4   0x080106e4   0x00000010   Code   RO         1665    i.buzzer_off        bsp_buzzer.o
    0x080106f4   0x080106f4   0x00000014   Code   RO         1666    i.buzzer_on         bsp_buzzer.o
    0x08010708   0x08010708   0x0000007c   Code   RO         3022    i.buzzer_warn_error  test_task.o
    0x08010784   0x08010784   0x000000e8   Code   RO         3095    i.calc_battery_percentage  voltage_task.o
    0x0801086c   0x0801086c   0x000000ec   Code   RO         2286    i.cali_data_read    calibrate_task.o
    0x08010958   0x08010958   0x0000008c   Code   RO         2287    i.cali_data_write   calibrate_task.o
    0x080109e4   0x080109e4   0x00000064   Code   RO         2288    i.cali_gyro_hook    calibrate_task.o
    0x08010a48   0x08010a48   0x00000046   Code   RO         2289    i.cali_head_hook    calibrate_task.o
    0x08010a8e   0x08010a8e   0x00000002   PAD
    0x08010a90   0x08010a90   0x000000b8   Code   RO         2290    i.cali_param_init   calibrate_task.o
    0x08010b48   0x08010b48   0x000000a4   Code   RO         3223    i.cali_pose_hock    motor_position_task.o
    0x08010bec   0x08010bec   0x00000148   Code   RO         2291    i.calibrate_task    calibrate_task.o
    0x08010d34   0x08010d34   0x0000005c   Code   RO         1699    i.can_filter_init   bsp_can.o
    0x08010d90   0x08010d90   0x000000a0   Code   RO         2492    i.chassis_behaviour_control_set  chassis_behaviour.o
    0x08010e30   0x08010e30   0x0000008c   Code   RO         2493    i.chassis_behaviour_mode_set  chassis_behaviour.o
    0x08010ebc   0x08010ebc   0x000001cc   Code   RO         2613    i.chassis_control_loop  chassis_task.o
    0x08011088   0x08011088   0x00000060   Code   RO         2494    i.chassis_engineer_follow_chassis_yaw_control  chassis_behaviour.o
    0x080110e8   0x080110e8   0x00000108   Code   RO         2614    i.chassis_feedback_update  chassis_task.o
    0x080111f0   0x080111f0   0x000000d0   Code   RO         2615    i.chassis_init      chassis_task.o
    0x080112c0   0x080112c0   0x00000058   Code   RO         2616    i.chassis_mode_change_control_transit  chassis_task.o
    0x08011318   0x08011318   0x00000084   Code   RO         2495    i.chassis_no_follow_yaw_control  chassis_behaviour.o
    0x0801139c   0x0801139c   0x0000002c   Code   RO         2496    i.chassis_no_move_control  chassis_behaviour.o
    0x080113c8   0x080113c8   0x0000005c   Code   RO         2497    i.chassis_open_set_control  chassis_behaviour.o
    0x08011424   0x08011424   0x000001d0   Code   RO         2580    i.chassis_power_control  chassis_power_control.o
    0x080115f4   0x080115f4   0x0000015c   Code   RO         2617    i.chassis_rc_to_control_vector  chassis_task.o
    0x08011750   0x08011750   0x00000194   Code   RO         2618    i.chassis_set_contorl  chassis_task.o
    0x080118e4   0x080118e4   0x00000012   Code   RO         2619    i.chassis_set_mode  chassis_task.o
    0x080118f6   0x080118f6   0x00000002   PAD
    0x080118f8   0x080118f8   0x000000c0   Code   RO         2498    i.chassis_support_control  chassis_behaviour.o
    0x080119b8   0x080119b8   0x000000cc   Code   RO         2620    i.chassis_task      chassis_task.o
    0x08011a84   0x08011a84   0x00000054   Code   RO         2621    i.chassis_vector_to_mecanum_wheel_speed  chassis_task.o
    0x08011ad8   0x08011ad8   0x0000002c   Code   RO         2499    i.chassis_zero_force_control  chassis_behaviour.o
    0x08011b04   0x08011b04   0x00000040   Code   RO         2417    i.cmd_group_reset_ID  can_receive.o
    0x08011b44   0x08011b44   0x00000064   Code   RO         2418    i.cmd_motor_group   can_receive.o
    0x08011ba8   0x08011ba8   0x00000030   Code   RO         1765    i.delay_init        bsp_delay.o
    0x08011bd8   0x08011bd8   0x00000050   Code   RO         1767    i.delay_us          bsp_delay.o
    0x08011c28   0x08011c28   0x00000124   Code   RO         2680    i.detect_hook       detect_task.o
    0x08011d4c   0x08011d4c   0x00000178   Code   RO         2681    i.detect_init       detect_task.o
    0x08011ec4   0x08011ec4   0x00000288   Code   RO         2682    i.detect_task       detect_task.o
    0x0801214c   0x0801214c   0x00000018   Code   RO        11742    i.fabs              m_wm.l(fabs.o)
    0x08012164   0x08012164   0x0000003a   Code   RO         4130    i.fifo_s_get        fifo.o
    0x0801219e   0x0801219e   0x00000016   Code   RO         4133    i.fifo_s_init       fifo.o
    0x080121b4   0x080121b4   0x000000a0   Code   RO         4139    i.fifo_s_puts       fifo.o
    0x08012254   0x08012254   0x00000006   Code   RO         4141    i.fifo_s_used       fifo.o
    0x0801225a   0x0801225a   0x00000054   Code   RO         3952    i.first_order_filter_cali  user_lib.o
    0x080122ae   0x080122ae   0x00000002   PAD
    0x080122b0   0x080122b0   0x00000024   Code   RO         3953    i.first_order_filter_init  user_lib.o
    0x080122d4   0x080122d4   0x0000002e   Code   RO         1803    i.flash_erase_address  bsp_flash.o
    0x08012302   0x08012302   0x00000014   Code   RO         1804    i.flash_read        bsp_flash.o
    0x08012316   0x08012316   0x00000002   PAD
    0x08012318   0x08012318   0x00000098   Code   RO         1806    i.flash_write_single_address  bsp_flash.o
    0x080123b0   0x080123b0   0x0000002a   Code   RO         3954    i.fp32_constrain    user_lib.o
    0x080123da   0x080123da   0x00000002   PAD
    0x080123dc   0x080123dc   0x000000f4   Code   RO         1807    i.ger_sector        bsp_flash.o
    0x080124d0   0x080124d0   0x00000034   Code   RO         4052    i.get_CRC16_check_sum  crc8_crc16.o
    0x08012504   0x08012504   0x00000024   Code   RO         4053    i.get_CRC8_check_sum  crc8_crc16.o
    0x08012528   0x08012528   0x00000008   Code   RO         2728    i.get_INS_angle_point  ins_task.o
    0x08012530   0x08012530   0x000000e8   Code   RO        11348    i.get_angle         AHRS.lib(ahrs.o)
    0x08012618   0x08012618   0x00000024   Code   RO         3096    i.get_battery_percentage  voltage_task.o
    0x0801263c   0x0801263c   0x00000048   Code   RO         1512    i.get_battery_voltage  bsp_adc.o
    0x08012684   0x08012684   0x00000018   Code   RO         2419    i.get_chassis_motor_measure_point  can_receive.o
    0x0801269c   0x0801269c   0x0000001c   Code   RO         2840    i.get_chassis_power_and_buffer  referee.o
    0x080126b8   0x080126b8   0x0000000c   Code   RO         2292    i.get_control_temperature  calibrate_task.o
    0x080126c4   0x080126c4   0x00000008   Code   RO         2683    i.get_error_list_point  detect_task.o
    0x080126cc   0x080126cc   0x00000028   Code   RO         2420    i.get_motor_measure_point  can_receive.o
    0x080126f4   0x080126f4   0x000000e8   Code   RO         1808    i.get_next_flash_address  bsp_flash.o
    0x080127dc   0x080127dc   0x00000008   Code   RO         3347    i.get_pc_cmd_vel_pointer  pc_task.o
    0x080127e4   0x080127e4   0x00000008   Code   RO         2950    i.get_remote_control_point  remote_control.o
    0x080127ec   0x080127ec   0x0000000c   Code   RO         2841    i.get_robot_id      referee.o
    0x080127f8   0x080127f8   0x0000005c   Code   RO         1514    i.get_temprate      bsp_adc.o
    0x08012854   0x08012854   0x00000054   Code   RO         2733    i.gyro_offset_calc  ins_task.o
    0x080128a8   0x080128a8   0x0000012c   Code   RO         2734    i.imu_cali_slove    ins_task.o
    0x080129d4   0x080129d4   0x00000168   Code   RO         2735    i.imu_cmd_spi_dma   ins_task.o
    0x08012b3c   0x08012b3c   0x0000000c   Code   RO         1860    i.imu_pwm_set       bsp_imu_pwm.o
    0x08012b48   0x08012b48   0x000000b8   Code   RO         2736    i.imu_temp_control  ins_task.o
    0x08012c00   0x08012c00   0x00000010   Code   RO        10427    i.inHandlerMode     cmsis_os.o
    0x08012c10   0x08012c10   0x000000b8   Code   RO         2844    i.init_referee_struct_data  referee.o
    0x08012cc8   0x08012cc8   0x00000040   Code   RO         1515    i.init_vrefint_reciprocal  bsp_adc.o
    0x08012d08   0x08012d08   0x00000018   Code   RO         2258    i.is_key_pressed    bsp_key.o
    0x08012d20   0x08012d20   0x00000002   Code   RO         3695    i.ist8310_GPIO_init  ist8310driver_middleware.o
    0x08012d22   0x08012d22   0x00000002   PAD
    0x08012d24   0x08012d24   0x00000028   Code   RO         3697    i.ist8310_IIC_read_single_reg  ist8310driver_middleware.o
    0x08012d4c   0x08012d4c   0x00000028   Code   RO         3699    i.ist8310_IIC_write_single_reg  ist8310driver_middleware.o
    0x08012d74   0x08012d74   0x00000014   Code   RO         3700    i.ist8310_RST_H     ist8310driver_middleware.o
    0x08012d88   0x08012d88   0x00000014   Code   RO         3701    i.ist8310_RST_L     ist8310driver_middleware.o
    0x08012d9c   0x08012d9c   0x00000002   Code   RO         3702    i.ist8310_com_init  ist8310driver_middleware.o
    0x08012d9e   0x08012d9e   0x0000000c   Code   RO         3703    i.ist8310_delay_ms  ist8310driver_middleware.o
    0x08012daa   0x08012daa   0x00000002   PAD
    0x08012dac   0x08012dac   0x00000094   Code   RO         3663    i.ist8310_init      ist8310driver.o
    0x08012e40   0x08012e40   0x000001b0   Code   RO         3132    i.led_RGB_flow_task  led_flow_task.o
    0x08012ff0   0x08012ff0   0x00000060   Code   RO         3959    i.loop_fp32_constrain  user_lib.o
    0x08013050   0x08013050   0x00000084   Code   RO           15    i.main              main.o
    0x080130d4   0x080130d4   0x0000000c   Code   RO        10429    i.makeFreeRtosPriority  cmsis_os.o
    0x080130e0   0x080130e0   0x0000000a   Code   RO         3227    i.motor_group_init  motor_position_task.o
    0x080130ea   0x080130ea   0x00000002   PAD
    0x080130ec   0x080130ec   0x00000108   Code   RO         3228    i.motor_init        motor_position_task.o
    0x080131f4   0x080131f4   0x00000164   Code   RO         3229    i.motor_position_task  motor_position_task.o
    0x08013358   0x08013358   0x00000528   Code   RO         3230    i.move_to_position_by_acceleration  motor_position_task.o
    0x08013880   0x08013880   0x00000020   Code   RO         3410    i.odometer_init     odometer_task.o
    0x080138a0   0x080138a0   0x000002bc   Code   RO         3411    i.odometer_task     odometer_task.o
    0x08013b5c   0x08013b5c   0x00000020   Code   RO         3159    i.on_B_clicked      user_input_task.o
    0x08013b7c   0x08013b7c   0x00000020   Code   RO         3160    i.on_C_clicked      user_input_task.o
    0x08013b9c   0x08013b9c   0x00000024   Code   RO         3161    i.on_Key_clicked    user_input_task.o
    0x08013bc0   0x08013bc0   0x00000020   Code   RO         3162    i.on_V_clicked      user_input_task.o
    0x08013be0   0x08013be0   0x00000020   Code   RO         3163    i.on_X_clicked      user_input_task.o
    0x08013c00   0x08013c00   0x00000020   Code   RO         3164    i.on_Z_clicked      user_input_task.o
    0x08013c20   0x08013c20   0x00000010   Code   RO        10431    i.osDelay           cmsis_os.o
    0x08013c30   0x08013c30   0x0000000a   Code   RO        10434    i.osKernelStart     cmsis_os.o
    0x08013c3a   0x08013c3a   0x00000018   Code   RO        10435    i.osKernelSysTick   cmsis_os.o
    0x08013c52   0x08013c52   0x0000005c   Code   RO        10468    i.osThreadCreate    cmsis_os.o
    0x08013cae   0x08013cae   0x00000004   Code   RO        10469    i.osThreadGetId     cmsis_os.o
    0x08013cb2   0x08013cb2   0x0000000a   Code   RO        10479    i.osThreadTerminate  cmsis_os.o
    0x08013cbc   0x08013cbc   0x00000024   Code   RO         9896    i.pcTaskGetName     tasks.o
    0x08013ce0   0x08013ce0   0x00000028   Code   RO         3348    i.pc_task           pc_task.o
    0x08013d08   0x08013d08   0x0000004e   Code   RO         3232    i.position_control_loop  motor_position_task.o
    0x08013d56   0x08013d56   0x00000048   Code   RO         3233    i.position_feedback_update  motor_position_task.o
    0x08013d9e   0x08013d9e   0x00000002   PAD
    0x08013da0   0x08013da0   0x000000d8   Code   RO         3234    i.position_init     motor_position_task.o
    0x08013e78   0x08013e78   0x00000080   Code   RO         9897    i.prvAddCurrentTaskToDelayedList  tasks.o
    0x08013ef8   0x08013ef8   0x00000088   Code   RO         9898    i.prvAddNewTaskToReadyList  tasks.o
    0x08013f80   0x08013f80   0x0000005c   Code   RO        10261    i.prvCheckForValidListAndQueue  timers.o
    0x08013fdc   0x08013fdc   0x00000040   Code   RO         9899    i.prvCheckTasksWaitingTermination  tasks.o
    0x0801401c   0x0801401c   0x00000024   Code   RO         9550    i.prvCopyDataFromQueue  queue.o
    0x08014040   0x08014040   0x0000006e   Code   RO         9551    i.prvCopyDataToQueue  queue.o
    0x080140ae   0x080140ae   0x00000040   Code   RO         9900    i.prvDeleteTCB      tasks.o
    0x080140ee   0x080140ee   0x00000002   PAD
    0x080140f0   0x080140f0   0x00000024   Code   RO        10262    i.prvGetNextExpireTime  timers.o
    0x08014114   0x08014114   0x00000050   Code   RO        10808    i.prvHeapInit       heap_4.o
    0x08014164   0x08014164   0x00000028   Code   RO         9901    i.prvIdleTask       tasks.o
    0x0801418c   0x0801418c   0x00000018   Code   RO         9554    i.prvInitialiseNewQueue  queue.o
    0x080141a4   0x080141a4   0x00000098   Code   RO         9902    i.prvInitialiseNewTask  tasks.o
    0x0801423c   0x0801423c   0x00000060   Code   RO         9903    i.prvInitialiseTaskLists  tasks.o
    0x0801429c   0x0801429c   0x0000005c   Code   RO        10809    i.prvInsertBlockIntoFreeList  heap_4.o
    0x080142f8   0x080142f8   0x00000048   Code   RO        10264    i.prvInsertTimerInActiveList  timers.o
    0x08014340   0x08014340   0x0000001a   Code   RO         9555    i.prvIsQueueEmpty   queue.o
    0x0801435a   0x0801435a   0x0000001e   Code   RO         9556    i.prvIsQueueFull    queue.o
    0x08014378   0x08014378   0x00000068   Code   RO        10265    i.prvProcessExpiredTimer  timers.o
    0x080143e0   0x080143e0   0x00000110   Code   RO        10266    i.prvProcessReceivedCommands  timers.o
    0x080144f0   0x080144f0   0x0000006c   Code   RO        10267    i.prvProcessTimerOrBlockTask  timers.o
    0x0801455c   0x0801455c   0x00000024   Code   RO         9904    i.prvResetNextTaskUnblockTime  tasks.o
    0x08014580   0x08014580   0x0000002c   Code   RO        10268    i.prvSampleTimeNow  timers.o
    0x080145ac   0x080145ac   0x0000006e   Code   RO         9905    i.prvSearchForNameWithinSingleList  tasks.o
    0x0801461a   0x0801461a   0x00000002   PAD
    0x0801461c   0x0801461c   0x00000078   Code   RO        10269    i.prvSwitchTimerLists  timers.o
    0x08014694   0x08014694   0x00000018   Code   RO         9906    i.prvTaskCheckFreeStackSpace  tasks.o
    0x080146ac   0x080146ac   0x00000030   Code   RO        10864    i.prvTaskExitError  port.o
    0x080146dc   0x080146dc   0x00000014   Code   RO        10270    i.prvTimerTask      timers.o
    0x080146f0   0x080146f0   0x00000068   Code   RO         9557    i.prvUnlockQueue    queue.o
    0x08014758   0x08014758   0x000000e8   Code   RO        10810    i.pvPortMalloc      heap_4.o
    0x08014840   0x08014840   0x0000002c   Code   RO        10865    i.pxPortInitialiseStack  port.o
    0x0801486c   0x0801486c   0x00000084   Code   RO        11353    i.quat_normalization  AHRS.lib(ahrs.o)
    0x080148f0   0x080148f0   0x00000180   Code   RO         2845    i.referee_data_solve  referee.o
    0x08014a70   0x08014a70   0x0000014c   Code   RO         2908    i.referee_unpack_fifo_data  referee_usart_task.o
    0x08014bbc   0x08014bbc   0x00000038   Code   RO         2909    i.referee_usart_task  referee_usart_task.o
    0x08014bf4   0x08014bf4   0x00000014   Code   RO         2951    i.remote_control_init  remote_control.o
    0x08014c08   0x08014c08   0x0000002c   Code   RO         3235    i.reset_all_motor_ID  motor_position_task.o
    0x08014c34   0x08014c34   0x000000da   Code   RO         2952    i.sbus_to_rc        remote_control.o
    0x08014d0e   0x08014d0e   0x00000002   PAD
    0x08014d10   0x08014d10   0x00000058   Code   RO         2953    i.sbus_to_usart1    remote_control.o
    0x08014d68   0x08014d68   0x00000010   Code   RO         3349    i.solve_lost_fun    pc_task.o
    0x08014d78   0x08014d78   0x0000003e   Code   RO        11778    i.sqrtf             m_wm.l(sqrtf_full.o)
    0x08014db6   0x08014db6   0x00000002   PAD
    0x08014db8   0x08014db8   0x00000094   Code   RO         3023    i.test_task         test_task.o
    0x08014e4c   0x08014e4c   0x00000018   Code   RO         2684    i.toe_is_error      detect_task.o
    0x08014e64   0x08014e64   0x00000068   Code   RO         9909    i.ulTaskNotifyTake  tasks.o
    0x08014ecc   0x08014ecc   0x0000014c   Code   RO         3350    i.unpack_fifo_data  pc_task.o
    0x08015018   0x08015018   0x000000a0   Code   RO         3412    i.update_chassis_motor_ecd  odometer_task.o
    0x080150b8   0x080150b8   0x0000007a   Code   RO        11354    i.update_w          AHRS.lib(ahrs.o)
    0x08015132   0x08015132   0x00000002   PAD
    0x08015134   0x08015134   0x000000a8   Code   RO         2093    i.usart1_tx_dma_enable  bsp_usart.o
    0x080151dc   0x080151dc   0x00000074   Code   RO         2094    i.usart1_tx_dma_init  bsp_usart.o
    0x08015250   0x08015250   0x00000138   Code   RO         2095    i.usart6_init       bsp_usart.o
    0x08015388   0x08015388   0x00000034   Code   RO         3351    i.usb_data_handle   pc_task.o
    0x080153bc   0x080153bc   0x00000030   Code   RO         3352    i.usb_data_solve    pc_task.o
    0x080153ec   0x080153ec   0x00000038   Code   RO         2204    i.usb_printf        bsp_usb.o
    0x08015424   0x08015424   0x00000124   Code   RO         3061    i.usb_task          usb_task.o
    0x08015548   0x08015548   0x00000010   Code   RO         2205    i.usb_transmit      bsp_usb.o
    0x08015558   0x08015558   0x000000b8   Code   RO         3165    i.user_input_task   user_input_task.o
    0x08015610   0x08015610   0x00000026   Code   RO         9510    i.uxListRemove      list.o
    0x08015636   0x08015636   0x00000002   PAD
    0x08015638   0x08015638   0x00000014   Code   RO         9912    i.uxTaskGetStackHighWaterMark  tasks.o
    0x0801564c   0x0801564c   0x00000018   Code   RO          377    i.vApplicationGetIdleTaskMemory  freertos.o
    0x08015664   0x08015664   0x00000018   Code   RO          378    i.vApplicationGetTimerTaskMemory  freertos.o
    0x0801567c   0x0801567c   0x00000016   Code   RO         9511    i.vListInitialise   list.o
    0x08015692   0x08015692   0x00000006   Code   RO         9512    i.vListInitialiseItem  list.o
    0x08015698   0x08015698   0x00000036   Code   RO         9513    i.vListInsert       list.o
    0x080156ce   0x080156ce   0x00000018   Code   RO         9514    i.vListInsertEnd    list.o
    0x080156e6   0x080156e6   0x00000002   PAD
    0x080156e8   0x080156e8   0x00000040   Code   RO        10867    i.vPortEnterCritical  port.o
    0x08015728   0x08015728   0x0000002c   Code   RO        10868    i.vPortExitCritical  port.o
    0x08015754   0x08015754   0x00000064   Code   RO        10811    i.vPortFree         heap_4.o
    0x080157b8   0x080157b8   0x00000024   Code   RO        10869    i.vPortSetupTimerInterrupt  port.o
    0x080157dc   0x080157dc   0x00000054   Code   RO        10870    i.vPortValidateInterruptPriority  port.o
    0x08015830   0x08015830   0x00000028   Code   RO         9561    i.vQueueAddToRegistry  queue.o
    0x08015858   0x08015858   0x0000004a   Code   RO         9564    i.vQueueWaitForMessageRestricted  queue.o
    0x080158a2   0x080158a2   0x00000002   PAD
    0x080158a4   0x080158a4   0x00000050   Code   RO         9916    i.vTaskDelay        tasks.o
    0x080158f4   0x080158f4   0x000000b0   Code   RO         9918    i.vTaskDelete       tasks.o
    0x080159a4   0x080159a4   0x00000010   Code   RO         9920    i.vTaskInternalSetTimeOutState  tasks.o
    0x080159b4   0x080159b4   0x0000000c   Code   RO         9921    i.vTaskMissedYield  tasks.o
    0x080159c0   0x080159c0   0x000000bc   Code   RO         9922    i.vTaskNotifyGiveFromISR  tasks.o
    0x08015a7c   0x08015a7c   0x00000034   Code   RO         9923    i.vTaskPlaceOnEventList  tasks.o
    0x08015ab0   0x08015ab0   0x0000003c   Code   RO         9924    i.vTaskPlaceOnEventListRestricted  tasks.o
    0x08015aec   0x08015aec   0x00000090   Code   RO         9931    i.vTaskStartScheduler  tasks.o
    0x08015b7c   0x08015b7c   0x00000010   Code   RO         9933    i.vTaskSuspendAll   tasks.o
    0x08015b8c   0x08015b8c   0x00000060   Code   RO         9934    i.vTaskSwitchContext  tasks.o
    0x08015bec   0x08015bec   0x00000040   Code   RO         4054    i.verify_CRC16_check_sum  crc8_crc16.o
    0x08015c2c   0x08015c2c   0x0000002e   Code   RO         4055    i.verify_CRC8_check_sum  crc8_crc16.o
    0x08015c5a   0x08015c5a   0x00000002   PAD
    0x08015c5c   0x08015c5c   0x00000104   Code   RO        10871    i.xPortStartScheduler  port.o
    0x08015d60   0x08015d60   0x0000002c   Code   RO        10872    i.xPortSysTickHandler  port.o
    0x08015d8c   0x08015d8c   0x00000070   Code   RO         9568    i.xQueueGenericCreateStatic  queue.o
    0x08015dfc   0x08015dfc   0x00000090   Code   RO         9569    i.xQueueGenericReset  queue.o
    0x08015e8c   0x08015e8c   0x00000170   Code   RO         9570    i.xQueueGenericSend  queue.o
    0x08015ffc   0x08015ffc   0x000000be   Code   RO         9571    i.xQueueGenericSendFromISR  queue.o
    0x080160ba   0x080160ba   0x00000002   PAD
    0x080160bc   0x080160bc   0x00000148   Code   RO         9579    i.xQueueReceive     queue.o
    0x08016204   0x08016204   0x00000098   Code   RO         9937    i.xTaskCheckForTimeOut  tasks.o
    0x0801629c   0x0801629c   0x0000006c   Code   RO         9938    i.xTaskCreate       tasks.o
    0x08016308   0x08016308   0x00000060   Code   RO         9939    i.xTaskCreateStatic  tasks.o
    0x08016368   0x08016368   0x0000000c   Code   RO         9942    i.xTaskGetCurrentTaskHandle  tasks.o
    0x08016374   0x08016374   0x0000008c   Code   RO         9943    i.xTaskGetHandle    tasks.o
    0x08016400   0x08016400   0x0000001c   Code   RO         9944    i.xTaskGetSchedulerState  tasks.o
    0x0801641c   0x0801641c   0x0000000c   Code   RO         9945    i.xTaskGetTickCount  tasks.o
    0x08016428   0x08016428   0x00000010   Code   RO         9946    i.xTaskGetTickCountFromISR  tasks.o
    0x08016438   0x08016438   0x000000d4   Code   RO         9947    i.xTaskIncrementTick  tasks.o
    0x0801650c   0x0801650c   0x0000009c   Code   RO         9950    i.xTaskPriorityDisinherit  tasks.o
    0x080165a8   0x080165a8   0x00000078   Code   RO         9952    i.xTaskRemoveFromEventList  tasks.o
    0x08016620   0x08016620   0x000000cc   Code   RO         9953    i.xTaskResumeAll    tasks.o
    0x080166ec   0x080166ec   0x00000068   Code   RO        10277    i.xTimerCreateTimerTask  timers.o
    0x08016754   0x08016754   0x00000074   Code   RO        10278    i.xTimerGenericCommand  timers.o
    0x080167c8   0x080167c8   0x0000002c   Code   RO        12172    locale$$code        c_w.l(lc_numeric_c.o)
    0x080167f4   0x080167f4   0x0000002c   Code   RO        12205    locale$$code        c_w.l(lc_ctype_c.o)
    0x08016820   0x08016820   0x00000018   Code   RO        11966    x$fpl$basic         g_wm.l(basic.o)
    0x08016838   0x08016838   0x000002c4   Code   RO        11674    x$fpl$d2f           g_wm.l(d2f_clz.o)
    0x08016afc   0x08016afc   0x0000024c   Code   RO        11676    x$fpl$dadd          g_wm.l(daddsub_clz.o)
    0x08016d48   0x08016d48   0x00000018   Code   RO        11968    x$fpl$dcmpinf       g_wm.l(dcmpi.o)
    0x08016d60   0x08016d60   0x0000037c   Code   RO        11683    x$fpl$ddiv          g_wm.l(ddiv_clz.o)
    0x080170dc   0x080170dc   0x000000c8   Code   RO        12116    x$fpl$dfix          g_wm.l(dfix.o)
    0x080171a4   0x080171a4   0x0000002e   Code   RO        11971    x$fpl$dflt          g_wm.l(dflt_clz.o)
    0x080171d2   0x080171d2   0x0000001a   Code   RO        11972    x$fpl$dfltn         g_wm.l(dflt_clz.o)
    0x080171ec   0x080171ec   0x00000026   Code   RO        11970    x$fpl$dfltu         g_wm.l(dflt_clz.o)
    0x08017212   0x08017212   0x00000002   PAD
    0x08017214   0x08017214   0x00000078   Code   RO        11686    x$fpl$dleqf         g_wm.l(dleqf.o)
    0x0801728c   0x0801728c   0x000001c0   Code   RO        11688    x$fpl$dmul          g_wm.l(dmul_clz.o)
    0x0801744c   0x0801744c   0x00000102   Code   RO        11976    x$fpl$dnaninf       g_wm.l(dnaninf.o)
    0x0801754e   0x0801754e   0x00000070   Code   RO        11978    x$fpl$drenorm       g_wm.l(drenorm_clz.o)
    0x080175be   0x080175be   0x0000000c   Code   RO        11980    x$fpl$dretinf       g_wm.l(dretinf.o)
    0x080175ca   0x080175ca   0x00000002   PAD
    0x080175cc   0x080175cc   0x00000050   Code   RO        11677    x$fpl$drsb          g_wm.l(daddsub_clz.o)
    0x0801761c   0x0801761c   0x00000208   Code   RO        11982    x$fpl$dsqrt         g_wm.l(dsqrt_umaalclz.o)
    0x08017824   0x08017824   0x0000029c   Code   RO        11678    x$fpl$dsub          g_wm.l(daddsub_clz.o)
    0x08017ac0   0x08017ac0   0x0000017a   Code   RO        11984    x$fpl$dunder        g_wm.l(dunder_clz.o)
    0x08017c3a   0x08017c3a   0x00000002   PAD
    0x08017c3c   0x08017c3c   0x000001ec   Code   RO        11986    x$fpl$exception     g_wm.l(except.o)
    0x08017e28   0x08017e28   0x0000007a   Code   RO        11690    x$fpl$f2d           g_wm.l(f2d.o)
    0x08017ea2   0x08017ea2   0x000000f2   Code   RO        11988    x$fpl$fnaninf       g_wm.l(fnaninf.o)
    0x08017f94   0x08017f94   0x0000000a   Code   RO        12120    x$fpl$fpinit        g_wm.l(fpinit.o)
    0x08017f9e   0x08017f9e   0x0000000a   Code   RO        11990    x$fpl$fretinf       g_wm.l(fretinf.o)
    0x08017fa8   0x08017fa8   0x0000013c   Code   RO        11992    x$fpl$funder        g_wm.l(funder_clz.o)
    0x080180e4   0x080180e4   0x00000020   Code   RO        12194    x$fpl$ieeestatus    g_wm.l(istatus.o)
    0x08018104   0x08018104   0x00000004   Code   RO        11994    x$fpl$printf1       g_wm.l(printf1.o)
    0x08018108   0x08018108   0x00000004   Code   RO        11996    x$fpl$printf2       g_wm.l(printf2.o)
    0x0801810c   0x0801810c   0x000000b2   Code   RO        12122    x$fpl$retnan        g_wm.l(retnan.o)
    0x080181be   0x080181be   0x0000007e   Code   RO        12002    x$fpl$trapveneer    g_wm.l(trapv.o)
    0x0801823c   0x0801823c   0x00000000   Code   RO        12004    x$fpl$usenofp       g_wm.l(usenofp.o)
    0x0801823c   0x0801823c   0x00000184   Data   RO          380    .constdata          freertos.o
    0x080183c0   0x080183c0   0x00000018   Data   RO         1476    .constdata          system_stm32f4xx.o
    0x080183d8   0x080183d8   0x00000027   Data   RO         2295    .constdata          calibrate_task.o
    0x080183ff   0x080183ff   0x00000001   PAD
    0x08018400   0x08018400   0x00000020   Data   RO         2623    .constdata          chassis_task.o
    0x08018420   0x08018420   0x0000003c   Data   RO         2686    .constdata          detect_task.o
    0x0801845c   0x0801845c   0x00000018   Data   RO         2738    .constdata          ins_task.o
    0x08018474   0x08018474   0x0000000e   Data   RO         3062    .constdata          usb_task.o
    0x08018482   0x08018482   0x00000002   PAD
    0x08018484   0x08018484   0x00000034   Data   RO         3240    .constdata          motor_position_task.o
    0x080184b8   0x080184b8   0x00000012   Data   RO         3475    .constdata          bmi088driver.o
    0x080184ca   0x080184ca   0x0000000c   Data   RO         3666    .constdata          ist8310driver.o
    0x080184d6   0x080184d6   0x00000302   Data   RO         4056    .constdata          crc8_crc16.o
    0x080187d8   0x080187d8   0x00000008   Data   RO         5523    .constdata          stm32f4xx_hal_dma.o
    0x080187e0   0x080187e0   0x0000000c   Data   RO        11355    .constdata          AHRS.lib(ahrs.o)
    0x080187ec   0x080187ec   0x00000804   Data   RO        11565    .constdata          arm_cortexM4lf_math.lib(arm_common_tables.o)
    0x08018ff0   0x08018ff0   0x00000008   Data   RO        11845    .constdata          c_w.l(_printf_wctomb.o)
    0x08018ff8   0x08018ff8   0x00000028   Data   RO        11874    .constdata          c_w.l(_printf_hex_int_ll_ptr.o)
    0x08019020   0x08019020   0x00000011   Data   RO        11894    .constdata          c_w.l(__printf_flags_ss_wp.o)
    0x08019031   0x08019031   0x00000007   PAD
    0x08019038   0x08019038   0x00000030   Data   RO        12006    .constdata          m_wm.l(cos_i.o)
    0x08019068   0x08019068   0x000000c8   Data   RO        12040    .constdata          m_wm.l(rred.o)
    0x08019130   0x08019130   0x00000028   Data   RO        12047    .constdata          m_wm.l(sin_i.o)
    0x08019158   0x08019158   0x00000026   Data   RO        12096    .constdata          c_w.l(_printf_fp_hex.o)
    0x0801917e   0x0801917e   0x00000002   PAD
    0x08019180   0x08019180   0x00000094   Data   RO        12147    .constdata          c_w.l(bigflt0.o)
    0x08019214   0x08019214   0x00000075   Data   RO          381    .conststring        freertos.o
    0x08019289   0x08019289   0x00000003   PAD
    0x0801928c   0x0801928c   0x000000f9   Data   RO         3063    .conststring        usb_task.o
    0x08019385   0x08019385   0x00000003   PAD
    0x08019388   0x08019388   0x00000012   Data   RO         3241    .conststring        motor_position_task.o
    0x0801939a   0x0801939a   0x00000002   PAD
    0x0801939c   0x0801939c   0x00000020   Data   RO        12261    Region$$Table       anon$$obj.o
    0x080193bc   0x080193bc   0x0000001c   Data   RO        12171    locale$$data        c_w.l(lc_numeric_c.o)
    0x080193d8   0x080193d8   0x00000110   Data   RO        12204    locale$$data        c_w.l(lc_ctype_c.o)


    Execution Region RW_IRAM1 (Exec base: 0x20000000, Load base: 0x080194e8, Size: 0x0000f398, Max: 0x00020000, ABSOLUTE, COMPRESSED[0x00000158])

    Exec Addr    Load Addr    Size         Type   Attr      Idx    E Section Name        Object

    0x20000000   COMPRESSED   0x00000034   Data   RW          382    .data               freertos.o
    0x20000034   COMPRESSED   0x00000004   Data   RW          493    .data               can.o
    0x20000038   COMPRESSED   0x00000008   Data   RW          540    .data               crc.o
    0x20000040   COMPRESSED   0x0000004e   Data   RW         1180    .data               usbd_desc.o
    0x2000008e   COMPRESSED   0x00000002   PAD
    0x20000090   COMPRESSED   0x00000014   Data   RW         1267    .data               usbd_cdc_if.o
    0x200000a4   COMPRESSED   0x00000004   Data   RW         1477    .data               system_stm32f4xx.o
    0x200000a8   COMPRESSED   0x00000004   Data   RW         1517    .data               bsp_adc.o
    0x200000ac   COMPRESSED   0x00000008   Data   RW         1768    .data               bsp_delay.o
    0x200000b4   COMPRESSED   0x00000010   Data   RW         1809    .data               bsp_flash.o
    0x200000c4   COMPRESSED   0x00000008   Data   RW         1959    .data               bsp_led.o
    0x200000cc   COMPRESSED   0x00000004   Data   RW         2207    .data               bsp_usb.o
    0x200000d0   COMPRESSED   0x00000054   Data   RW         2296    .data               calibrate_task.o
    0x20000124   COMPRESSED   0x00000009   Data   RW         2422    .data               can_receive.o
    0x2000012d   COMPRESSED   0x00000001   Data   RW         2500    .data               chassis_behaviour.o
    0x2000012e   COMPRESSED   0x00000002   PAD
    0x20000130   COMPRESSED   0x00000004   Data   RW         2624    .data               chassis_task.o
    0x20000134   COMPRESSED   0x00000009   Data   RW         2687    .data               detect_task.o
    0x2000013d   COMPRESSED   0x00000003   PAD
    0x20000140   COMPRESSED   0x000000a0   Data   RW         2739    .data               ins_task.o
    0x200001e0   COMPRESSED   0x00000026   Data   RW         2847    .data               referee.o
    0x20000206   COMPRESSED   0x00000002   Data   RW         2911    .data               referee_usart_task.o
    0x20000208   COMPRESSED   0x00000003   Data   RW         2957    .data               remote_control.o
    0x2000020b   COMPRESSED   0x00000001   PAD
    0x2000020c   COMPRESSED   0x0000000a   Data   RW         3024    .data               test_task.o
    0x20000216   COMPRESSED   0x00000002   PAD
    0x20000218   COMPRESSED   0x00000004   Data   RW         3064    .data               usb_task.o
    0x2000021c   COMPRESSED   0x00000008   Data   RW         3097    .data               voltage_task.o
    0x20000224   COMPRESSED   0x0000001c   Data   RW         3133    .data               led_flow_task.o
    0x20000240   COMPRESSED   0x00000008   Data   RW         3242    .data               motor_position_task.o
    0x20000248   COMPRESSED   0x00000009   Data   RW         3355    .data               pc_task.o
    0x20000251   COMPRESSED   0x00000007   PAD
    0x20000258   COMPRESSED   0x00000050   Data   RW         3414    .data               odometer_task.o
    0x200002a8   COMPRESSED   0x0000002c   Data   RW         3476    .data               bmi088driver.o
    0x200002d4   COMPRESSED   0x00000002   Data   RW         4057    .data               crc8_crc16.o
    0x200002d6   COMPRESSED   0x00000002   PAD
    0x200002d8   COMPRESSED   0x0000000c   Data   RW         5945    .data               stm32f4xx_hal.o
    0x200002e4   COMPRESSED   0x0000003c   Data   RW         9956    .data               tasks.o
    0x20000320   COMPRESSED   0x00000014   Data   RW        10286    .data               timers.o
    0x20000334   COMPRESSED   0x00000020   Data   RW        10817    .data               heap_4.o
    0x20000354   COMPRESSED   0x0000000c   Data   RW        10873    .data               port.o
    0x20000360   COMPRESSED   0x00000001   Data   RW        11095    .data               usbd_ctlreq.o
    0x20000361   COMPRESSED   0x00000003   PAD
    0x20000364   COMPRESSED   0x000000d7   Data   RW        11254    .data               usbd_cdc.o
    0x2000043b   COMPRESSED   0x00000001   PAD
    0x2000043c   COMPRESSED   0x00000038   Data   RW        11255    .data               usbd_cdc.o
    0x20000474   COMPRESSED   0x00000010   Data   RW        11356    .data               AHRS.lib(ahrs.o)
    0x20000484        -       0x000006a8   Zero   RW          379    .bss                freertos.o
    0x20000b2c        -       0x00000090   Zero   RW          444    .bss                adc.o
    0x20000bbc        -       0x00000050   Zero   RW          492    .bss                can.o
    0x20000c0c        -       0x0000015c   Zero   RW          608    .bss                i2c.o
    0x20000d68        -       0x00000010   Zero   RW          660    .bss                rng.o
    0x20000d78        -       0x00000020   Zero   RW          702    .bss                rtc.o
    0x20000d98        -       0x00000118   Zero   RW          744    .bss                spi.o
    0x20000eb0        -       0x000001b0   Zero   RW          792    .bss                tim.o
    0x20001060        -       0x0000024c   Zero   RW          866    .bss                usart.o
    0x200012ac        -       0x000002d0   Zero   RW          916    .bss                usb_device.o
    0x2000157c        -       0x00000628   Zero   RW          994    .bss                usbd_conf.o
    0x20001ba4        -       0x00000200   Zero   RW         1179    .bss                usbd_desc.o
    0x20001da4        -       0x00001000   Zero   RW         1266    .bss                usbd_cdc_if.o
    0x20002da4        -       0x00000010   Zero   RW         1516    .bss                bsp_adc.o
    0x20002db4        -       0x00000200   Zero   RW         2206    .bss                bsp_usb.o
    0x20002fb4        -       0x000000ed   Zero   RW         2294    .bss                calibrate_task.o
    0x200030a1   COMPRESSED   0x00000003   PAD
    0x200030a4        -       0x000000b8   Zero   RW         2421    .bss                can_receive.o
    0x2000315c        -       0x00000228   Zero   RW         2622    .bss                chassis_task.o
    0x20003384        -       0x0000018c   Zero   RW         2685    .bss                detect_task.o
    0x20003510        -       0x00000134   Zero   RW         2737    .bss                ins_task.o
    0x20003644        -       0x00000055   Zero   RW         2846    .bss                referee.o
    0x20003699   COMPRESSED   0x00000003   PAD
    0x2000369c        -       0x000008a1   Zero   RW         2910    .bss                referee_usart_task.o
    0x20003f3d        -       0x00000072   Zero   RW         2956    .bss                remote_control.o
    0x20003faf   COMPRESSED   0x00000001   PAD
    0x20003fb0        -       0x00000bb0   Zero   RW         3239    .bss                motor_position_task.o
    0x20004b60        -       0x00000530   Zero   RW         3354    .bss                pc_task.o
    0x20005090        -       0x00000048   Zero   RW         3413    .bss                odometer_task.o
    0x200050d8        -       0x00000020   Zero   RW         5177    .bss                stm32f4xx_hal_flash.o
    0x200050f8        -       0x00000040   Zero   RW         9582    .bss                queue.o
    0x20005138        -       0x000000f0   Zero   RW         9955    .bss                tasks.o
    0x20005228        -       0x00000110   Zero   RW        10285    .bss                timers.o
    0x20005338        -       0x00006000   Zero   RW        10816    .bss                heap_4.o
    0x2000b338        -       0x00000060   Zero   RW        12055    .bss                c_w.l(libspace.o)
    0x2000b398        -       0x00002000   Zero   RW            2    HEAP                startup_stm32f407xx.o
    0x2000d398        -       0x00002000   Zero   RW            1    STACK               startup_stm32f407xx.o


==============================================================================

Image component sizes


      Code (inc. data)   RO Data    RW Data    ZI Data      Debug   Object Name

       396         42          0          0        144       2578   adc.o
       168          4          0          0          0       5924   ahrs_middleware.o
      2338         40         18         44          0      11315   bmi088driver.o
       140         28          0          0          0       5284   bmi088middleware.o
       288         44          0          4         16     622300   bsp_adc.o
        36         12          0          0          0       1089   bsp_buzzer.o
        92          8          0          0          0        638   bsp_can.o
       128         20          0          8          0       1484   bsp_delay.o
       694        108          0         16          0       4369   bsp_flash.o
       124         14          0          0          0        566   bsp_i2c.o
        12          4          0          0          0        550   bsp_imu_pwm.o
        24          4          0          0          0        589   bsp_key.o
       104         22          0          8          0        640   bsp_led.o
       260         28          0          0          0       2175   bsp_rc.o
     10428        170          0          0          0       5758   bsp_spi.o
       596         50          0          0          0       2527   bsp_usart.o
        72         10          0          4        512       2512   bsp_usb.o
      1946        110         39         84        237      21138   calibrate_task.o
       488         44          0          4         80       2650   can.o
       644         86          0          9        184      21792   can_receive.o
       900         50          0          1          0      12418   chassis_behaviour.o
       464         36          0          0          0       2000   chassis_power_control.o
      2078        116         32          4        552       8372   chassis_task.o
       184          0          0          0          0      31189   cmsis_os.o
        84         18          0          8          0       1667   crc.o
       198         16        770          2          0       4045   crc8_crc16.o
      1348         50         60          9        396       4213   detect_task.o
       184          6          0          0          0        934   dma.o
         0          0          0          0          0      19936   event_groups.o
       258          0          0          0          0       9603   fifo.o
       424         78        505         52       1704       5452   freertos.o
       608         30          0          0          0       1427   gpio.o
       504         32          0         32      24576       5343   heap_4.o
       700         80          0          0        348       3372   i2c.o
      4288        324         24        160        308      13414   ins_task.o
       148          6         12          0          0       1615   ist8310driver.o
       136         22          0          0          0       4347   ist8310driver_middleware.o
       432         10          0         28          0       1813   led_flow_task.o
       144          0          0          0          0       3898   list.o
       346         14          0          0          0     803400   main.o
      2580         86         70          8       2992       9103   motor_position_task.o
       892         90          0         80         72       3416   odometer_task.o
       496         44          0          9       1328       4675   pc_task.o
       592          8          0          0          0       2066   pid.o
       814         92          0         12          0      12617   port.o
      1586         24          0          0         64      18484   queue.o
       608        150          0         38         85       8897   referee.o
       684         50          0          2       2209       3284   referee_usart_task.o
       654         44          0          3        114       4212   remote_control.o
        84         18          0          0         16       1667   rng.o
        76         16          0          0         32       1615   rtc.o
       416         38          0          0        280       2107   spi.o
        64         26        392          0      16384        888   startup_stm32f407xx.o
       188         30          0         12          0       9833   stm32f4xx_hal.o
      1262         42          0          0          0       5686   stm32f4xx_hal_adc.o
      2004          6          0          0          0      16039   stm32f4xx_hal_can.o
       208         16          0          0          0      33931   stm32f4xx_hal_cortex.o
        36          0          0          0          0       1163   stm32f4xx_hal_crc.o
       906         18          8          0          0       4564   stm32f4xx_hal_dma.o
       568         74          0          0         32       6602   stm32f4xx_hal_flash.o
       380         24          0          0          0       3622   stm32f4xx_hal_flash_ex.o
       612         28          0          0          0       3946   stm32f4xx_hal_gpio.o
      2796         48          0          0          0      14270   stm32f4xx_hal_i2c.o
        84          6          0          0          0        938   stm32f4xx_hal_msp.o
      2506         12          0          0          0      14233   stm32f4xx_hal_pcd.o
        84          0          0          0          0       2769   stm32f4xx_hal_pcd_ex.o
      1722        104          0          0          0       6896   stm32f4xx_hal_rcc.o
       380         34          0          0          0       1628   stm32f4xx_hal_rcc_ex.o
        52          0          0          0          0       1195   stm32f4xx_hal_rng.o
       312          0          0          0          0       2916   stm32f4xx_hal_rtc.o
      1010         14          0          0          0       5101   stm32f4xx_hal_spi.o
      2140         56          0          0          0      18601   stm32f4xx_hal_tim.o
       260          0          0          0          0       3709   stm32f4xx_hal_tim_ex.o
       352          4          0          0          0       2032   stm32f4xx_hal_uart.o
       192         42          0          0          0       9582   stm32f4xx_it.o
      2802        104          0          0          0      24906   stm32f4xx_ll_usb.o
       100         18         24          4          0       1311   system_stm32f4xx.o
      3106        270          0         60        240      38334   tasks.o
       272         30          0         10          0       2224   test_task.o
      2144        162          0          0        432       7331   tim.o
      1088         94          0         20        272      31795   timers.o
       924         90          0          0        588       3744   usart.o
        76         16          0          0        720       2711   usb_device.o
       292         14        263          4          0       1574   usb_task.o
       932         16          0        271          0      14957   usbd_cdc.o
       220         28          0         20       4096       5613   usbd_cdc_if.o
      1004         24          0          0       1576      18304   usbd_conf.o
       790          0          0          0          0      14309   usbd_core.o
      1796         28          0          1          0      18284   usbd_ctlreq.o
       386        122          0         78        512       7193   usbd_desc.o
       132          0          0          0          0       4892   usbd_ioreq.o
       380        132          0          0          0       4654   user_input_task.o
       258          4          0          0          0       3439   user_lib.o
       336         72          0          8          0       2261   voltage_task.o

    ----------------------------------------------------------------------
     77128       4204       2260       1140      61108    2104459   Object Totals
         0          0         32          0          0          0   (incl. Generated)
        84          0         11         23          7          0   (incl. Padding)

    ----------------------------------------------------------------------

      Code (inc. data)   RO Data    RW Data    ZI Data      Debug   Library Member Name

      2718         84         12         16          0       9922   ahrs.o
         0          0       2052          0          0       4636   arm_common_tables.o
       120         12          0          0          0      16970   arm_cos_f32.o
       116         12          0          0          0        658   arm_sin_f32.o
        90          0          0          0          0          0   __dczerorl2.o
         8          0          0          0          0         68   __main.o
       392          4         17          0          0         92   __printf_flags_ss_wp.o
        14          0          0          0          0         68   __printf_wp.o
         0          0          0          0          0          0   __rtentry.o
        12          0          0          0          0          0   __rtentry2.o
         6          0          0          0          0          0   __rtentry4.o
        52          8          0          0          0          0   __scatter.o
        28          0          0          0          0          0   __scatter_zi.o
        48          4          0          0          0         84   _fptrap.o
         6          0          0          0          0          0   _printf_a.o
         6          0          0          0          0          0   _printf_c.o
        44          0          0          0          0        108   _printf_char.o
        48          6          0          0          0         96   _printf_char_common.o
        40          0          0          0          0         68   _printf_charcount.o
         6          0          0          0          0          0   _printf_d.o
       120         16          0          0          0         92   _printf_dec.o
         6          0          0          0          0          0   _printf_e.o
         6          0          0          0          0          0   _printf_f.o
      1054          0          0          0          0        216   _printf_fp_dec.o
       764          8         38          0          0        100   _printf_fp_hex.o
       128         16          0          0          0         84   _printf_fp_infnan.o
         6          0          0          0          0          0   _printf_g.o
       148          4         40          0          0        160   _printf_hex_int_ll_ptr.o
         6          0          0          0          0          0   _printf_i.o
       178          0          0          0          0         88   _printf_intcommon.o
        10          0          0          0          0          0   _printf_l.o
         6          0          0          0          0          0   _printf_lc.o
        10          0          0          0          0          0   _printf_ll.o
         6          0          0          0          0          0   _printf_lld.o
         6          0          0          0          0          0   _printf_lli.o
         6          0          0          0          0          0   _printf_llo.o
         6          0          0          0          0          0   _printf_llu.o
         6          0          0          0          0          0   _printf_llx.o
       124         16          0          0          0         92   _printf_longlong_dec.o
         6          0          0          0          0          0   _printf_ls.o
         6          0          0          0          0          0   _printf_n.o
         6          0          0          0          0          0   _printf_o.o
       112         10          0          0          0        124   _printf_oct_int_ll.o
         6          0          0          0          0          0   _printf_p.o
        78          0          0          0          0        108   _printf_pad.o
         0          0          0          0          0          0   _printf_percent.o
         4          0          0          0          0          0   _printf_percent_end.o
         6          0          0          0          0          0   _printf_s.o
        82          0          0          0          0         80   _printf_str.o
        36          0          0          0          0         84   _printf_truncate.o
         6          0          0          0          0          0   _printf_u.o
        44          0          0          0          0        108   _printf_wchar.o
       188          6          8          0          0         92   _printf_wctomb.o
         6          0          0          0          0          0   _printf_x.o
        22          0          0          0          0        100   _rserrno.o
        10          0          0          0          0         68   _sputc.o
        64          0          0          0          0         92   _wcrtomb.o
        16          0          0          0          0         68   aeabi_memset.o
       228          4        148          0          0         96   bigflt0.o
      1936        128          0          0          0        672   btod.o
        10          0          0          0          0         68   defsig_exit.o
       172        110          0          0          0         76   defsig_fpe_inner.o
        14          0          0          0          0         80   defsig_fpe_outer.o
        50          0          0          0          0         88   defsig_general.o
        18          0          0          0          0         80   exit.o
         6          0          0          0          0        152   heapauxi.o
         0          0          0          0          0          0   indicate_semi.o
        44         10        272          0          0         76   lc_ctype_c.o
        44         10         28          0          0         76   lc_numeric_c.o
         2          0          0          0          0          0   libinit.o
        34          0          0          0          0          0   libinit2.o
         2          0          0          0          0          0   libshutdown.o
         2          0          0          0          0          0   libshutdown2.o
         8          4          0          0         96         68   libspace.o
       138          0          0          0          0         80   lludiv10.o
       238          0          0          0          0        100   lludivv7m.o
        16          4          0          0          0         76   rt_ctype_table.o
         8          4          0          0          0         68   rt_errno_addr_intlibspace.o
         8          4          0          0          0         68   rt_locale_intlibspace.o
        68          0          0          0          0         68   rt_memclr.o
        78          0          0          0          0         80   rt_memclr_w.o
       138          0          0          0          0         68   rt_memcpy_v6.o
       100          0          0          0          0         80   rt_memcpy_w.o
         2          0          0          0          0          0   rtexit.o
        10          0          0          0          0          0   rtexit2.o
       128          0          0          0          0         68   strcmpv7m.o
        62          0          0          0          0         76   strlen.o
        12          4          0          0          0         68   sys_exit.o
        74          0          0          0          0         80   sys_stackheap_outer.o
        14          0          0          0          0         76   sys_wrch.o
         2          0          0          0          0         68   use_no_semi.o
        36          4          0          0          0         76   vsprintf.o
        24          0          0          0          0        164   basic.o
       708         16          0          0          0        140   d2f_clz.o
      1336         32          0          0          0        532   daddsub_clz.o
        24          0          0          0          0        116   dcmpi.o
       892        152          0          0          0        292   ddiv_clz.o
       200         16          0          0          0        184   dfix.o
       110          0          0          0          0        348   dflt_clz.o
       120          8          0          0          0        140   dleqf.o
       448         16          0          0          0        164   dmul_clz.o
       258          4          0          0          0        156   dnaninf.o
       112          0          0          0          0        160   drenorm_clz.o
        12          0          0          0          0        116   dretinf.o
       520         56          0          0          0        180   dsqrt_umaalclz.o
       378          0          0          0          0        168   dunder_clz.o
       492         36          0          0          0        148   except.o
       122          8          0          0          0        132   f2d.o
       242          4          0          0          0        144   fnaninf.o
        10          0          0          0          0        116   fpinit.o
        10          0          0          0          0        116   fretinf.o
       316          0          0          0          0        132   funder_clz.o
        32          4          0          0          0        116   istatus.o
         4          0          0          0          0        116   printf1.o
         4          0          0          0          0        116   printf2.o
       178          0          0          0          0        116   retnan.o
       126          0          0          0          0        148   trapv.o
         0          0          0          0          0          0   usenofp.o
       300         42          0          0          0        176   asinf.o
       684         90          0          0          0        208   atan2f.o
       200         20          0          0          0        164   cos.o
       368         46         48          0          0        200   cos_i.o
        84         16          0          0          0        372   dunder.o
        44          0          0          0          0        248   fabs.o
        48          0          0          0          0        124   fpclassify.o
        38          0          0          0          0        116   fpclassifyf.o
        44         12          0          0          0        464   funder.o
       248          0          0          0          0        152   poly.o
      1080        142        200          0          0        188   rred.o
       200         20          0          0          0        164   sin.o
       304         24         40          0          0        208   sin_i.o
       122          0          0          0          0        148   sqrt_full.o
       120          0          0          0          0        272   sqrtf_full.o

    ----------------------------------------------------------------------
     21356       1256       2912         16         96      44722   Library Totals
        44          0          9          0          0          0   (incl. Padding)

    ----------------------------------------------------------------------

      Code (inc. data)   RO Data    RW Data    ZI Data      Debug   Library Name

      2718         84         12         16          0       9922   AHRS.lib
       236         24       2052          0          0      22264   arm_cortexM4lf_math.lib
      7796        384        551          0         96       5072   c_w.l
      6678        352          0          0          0       4260   g_wm.l
      3884        412        288          0          0       3204   m_wm.l

    ----------------------------------------------------------------------
     21356       1256       2912         16         96      44722   Library Totals

    ----------------------------------------------------------------------

==============================================================================


      Code (inc. data)   RO Data    RW Data    ZI Data      Debug   

     98484       5460       5172       1156      61204    2084621   Grand Totals
     98484       5460       5172        344      61204    2084621   ELF Image Totals (compressed)
     98484       5460       5172        344          0          0   ROM Totals

==============================================================================

    Total RO  Size (Code + RO Data)               103656 ( 101.23kB)
    Total RW  Size (RW Data + ZI Data)             62360 (  60.90kB)
    Total ROM Size (Code + RO Data + RW Data)     104000 ( 101.56kB)

==============================================================================

