<html>
<body>
<pre>
<h1>礦ision Build Log</h1>
<h2>Tool Versions:</h2>
IDE-Version: μVision V5.33.0.0
Copyright (C) 2020 ARM Ltd and ARM Germany GmbH. All rights reserved.
License Information: hy hy, hy, LIC=PE7DL-0N69J-306NC-78PJ2-6YJSR-AFVX8
 
Tool Versions:
Toolchain:       MDK-ARM Plus  Version: 5.33.0.0
Toolchain Path:  D:\Keil_v5\ARM\ARMCC\Bin
C Compiler:      Armcc.exe V5.06 update 7 (build 960)
Assembler:       Armasm.exe V5.06 update 7 (build 960)
Linker/Locator:  ArmLink.exe V5.06 update 7 (build 960)
Library Manager: ArmAr.exe V5.06 update 7 (build 960)
Hex Converter:   FromElf.exe V5.06 update 7 (build 960)
CPU DLL:         SARMCM3.DLL V5.33.0.0
Dialog DLL:      DCM.DLL V1.17.3.0
Target DLL:      STLink\ST-LINKIII-KEIL_SWO.dll V3.0.8.0
Dialog DLL:      TCM.DLL V1.48.0.0
 
<h2>Project:</h2>
C:\Users\China\Desktop\RoboMaster辅助对位系统\代码\wust_engineer_robot_ws\c_board\MDK-ARM\wust_engineer.uvprojx
Project File Date:  07/20/2021

<h2>Output:</h2>
*** Using Compiler 'V5.06 update 7 (build 960)', folder: 'D:\Keil_v5\ARM\ARMCC\Bin'
Build target 'wust_engineer'
assembling startup_stm32f407xx.s...
compiling i2c.c...
compiling can.c...
compiling dma.c...
compiling adc.c...
compiling crc.c...
compiling gpio.c...
compiling freertos.c...
compiling main.c...
compiling spi.c...
compiling rng.c...
compiling usb_device.c...
compiling usart.c...
compiling rtc.c...
compiling tim.c...
compiling usbd_desc.c...
compiling usbd_conf.c...
compiling system_stm32f4xx.c...
compiling bsp_buzzer.c...
compiling usbd_cdc_if.c...
compiling bsp_can.c...
compiling stm32f4xx_hal_msp.c...
compiling stm32f4xx_it.c...
compiling bsp_adc.c...
compiling bsp_crc32.c...
compiling bsp_delay.c...
compiling bsp_flash.c...
compiling bsp_led.c...
compiling bsp_rc.c...
compiling bsp_rng.c...
compiling bsp_imu_pwm.c...
compiling bsp_i2c.c...
compiling bsp_spi.c...
compiling bsp_usart.c...
compiling bsp_key.c...
compiling bsp_servo_pwm.c...
compiling bsp_fric.c...
compiling bsp_usb.c...
compiling detect_task.c...
compiling CAN_receive.c...
compiling calibrate_task.c...
compiling chassis_behaviour.c...
compiling chassis_power_control.c...
compiling referee.c...
compiling remote_control.c...
compiling chassis_task.c...
compiling test_task.c...
compiling INS_task.c...
compiling referee_usart_task.c...
compiling usb_task.c...
compiling voltage_task.c...
compiling ist8310driver.c...
compiling led_flow_task.c...
compiling user_input_task.c...
compiling BMI088driver.c...
compiling motor_position_task.c...
..\application\motor_position_task.c(247): warning:  #177-D: function "plot_motor_position"  was declared but never referenced
  static void plot_motor_position(Motor* motor)
..\application\motor_position_task.c: 1 warning, 0 errors
compiling BMI088Middleware.c...
compiling odometer_task.c...
compiling user_lib.c...
compiling pc_task.c...
compiling ist8310driver_middleware.c...
compiling AHRS_middleware.c...
compiling stm32f4xx_hal_pcd_ex.c...
compiling fifo.c...
compiling mem_mang4.c...
compiling CRC8_CRC16.c...
compiling pid.c...
compiling stm32f4xx_hal_pcd.c...
compiling stm32f4xx_ll_usb.c...
compiling stm32f4xx_hal_rcc.c...
compiling stm32f4xx_hal_gpio.c...
compiling stm32f4xx_hal_flash_ramfunc.c...
compiling stm32f4xx_hal_flash.c...
compiling stm32f4xx_hal_flash_ex.c...
compiling stm32f4xx_hal_rcc_ex.c...
compiling stm32f4xx_hal_dma_ex.c...
compiling stm32f4xx_hal_dma.c...
compiling stm32f4xx_ll_adc.c...
compiling stm32f4xx_hal_pwr.c...
compiling stm32f4xx_hal_pwr_ex.c...
compiling stm32f4xx_hal_exti.c...
compiling stm32f4xx_hal.c...
compiling stm32f4xx_hal_adc_ex.c...
compiling stm32f4xx_hal_cortex.c...
compiling stm32f4xx_hal_adc.c...
compiling stm32f4xx_hal_crc.c...
compiling stm32f4xx_hal_can.c...
compiling stm32f4xx_hal_rng.c...
compiling stm32f4xx_hal_rtc_ex.c...
compiling stm32f4xx_hal_i2c_ex.c...
compiling stm32f4xx_hal_rtc.c...
compiling stm32f4xx_hal_spi.c...
compiling stm32f4xx_hal_i2c.c...
compiling event_groups.c...
compiling croutine.c...
compiling list.c...
compiling stream_buffer.c...
compiling queue.c...
compiling heap_4.c...
compiling timers.c...
compiling tasks.c...
compiling stm32f4xx_hal_tim_ex.c...
compiling port.c...
compiling cmsis_os.c...
compiling stm32f4xx_hal_tim.c...
compiling stm32f4xx_hal_uart.c...
compiling usbd_ioreq.c...
compiling usbd_cdc.c...
compiling usbd_ctlreq.c...
compiling usbd_core.c...
linking...
Program Size: Code=98484 RO-data=5172 RW-data=1156 ZI-data=61204  
FromELF: creating hex file...
".\wust_engineer\wust_engineer.axf" - 0 Error(s), 1 Warning(s).

<h2>Software Packages used:</h2>

Package Vendor: ARM
                http://www.keil.com/pack/ARM.CMSIS.5.7.0.pack
                ARM.CMSIS.5.7.0
                CMSIS (Cortex Microcontroller Software Interface Standard)
   * Component: CORE Version: 5.4.0

Package Vendor: Keil
                http://www.keil.com/pack/Keil.STM32F4xx_DFP.2.15.0.pack
                Keil.STM32F4xx_DFP.2.15.0
                STMicroelectronics STM32F4 Series Device Support, Drivers and Examples

<h2>Collection of Component include folders:</h2>
  .\RTE\_wust_engineer
  D:\Keil_v5\Packs\ARM\CMSIS\5.7.0\CMSIS\Core\Include
  D:\Keil_v5\Packs\Keil\STM32F4xx_DFP\2.15.0\Drivers\CMSIS\Device\ST\STM32F4xx\Include

<h2>Collection of Component Files used:</h2>

   * Component: ARM::CMSIS:CORE:5.4.0
Build Time Elapsed:  00:05:34
</pre>
</body>
</html>
